Archive member included to satisfy reference by file (symbol)

c:/st/stm32cubeide_1.1.0/stm32cubeide/plugins/com.st.stm32cube.ide.mcu.externaltools.gnu-tools-for-stm32.7-2018-q2-update.win32_1.0.0.201904181610/tools/bin/../lib/gcc/arm-none-eabi/7.3.1/../../../../arm-none-eabi/lib/thumb/v6-m\libc_nano.a(lib_a-errno.o)
                              Core/Src/sysmem.o (__errno)
c:/st/stm32cubeide_1.1.0/stm32cubeide/plugins/com.st.stm32cube.ide.mcu.externaltools.gnu-tools-for-stm32.7-2018-q2-update.win32_1.0.0.201904181610/tools/bin/../lib/gcc/arm-none-eabi/7.3.1/../../../../arm-none-eabi/lib/thumb/v6-m\libc_nano.a(lib_a-exit.o)
                              c:/st/stm32cubeide_1.1.0/stm32cubeide/plugins/com.st.stm32cube.ide.mcu.externaltools.gnu-tools-for-stm32.7-2018-q2-update.win32_1.0.0.201904181610/tools/bin/../lib/gcc/arm-none-eabi/7.3.1/../../../../arm-none-eabi/lib/thumb/v6-m/crt0.o (exit)
c:/st/stm32cubeide_1.1.0/stm32cubeide/plugins/com.st.stm32cube.ide.mcu.externaltools.gnu-tools-for-stm32.7-2018-q2-update.win32_1.0.0.201904181610/tools/bin/../lib/gcc/arm-none-eabi/7.3.1/../../../../arm-none-eabi/lib/thumb/v6-m\libc_nano.a(lib_a-impure.o)
                              c:/st/stm32cubeide_1.1.0/stm32cubeide/plugins/com.st.stm32cube.ide.mcu.externaltools.gnu-tools-for-stm32.7-2018-q2-update.win32_1.0.0.201904181610/tools/bin/../lib/gcc/arm-none-eabi/7.3.1/../../../../arm-none-eabi/lib/thumb/v6-m\libc_nano.a(lib_a-exit.o) (_global_impure_ptr)
c:/st/stm32cubeide_1.1.0/stm32cubeide/plugins/com.st.stm32cube.ide.mcu.externaltools.gnu-tools-for-stm32.7-2018-q2-update.win32_1.0.0.201904181610/tools/bin/../lib/gcc/arm-none-eabi/7.3.1/../../../../arm-none-eabi/lib/thumb/v6-m\libc_nano.a(lib_a-init.o)
                              c:/st/stm32cubeide_1.1.0/stm32cubeide/plugins/com.st.stm32cube.ide.mcu.externaltools.gnu-tools-for-stm32.7-2018-q2-update.win32_1.0.0.201904181610/tools/bin/../lib/gcc/arm-none-eabi/7.3.1/../../../../arm-none-eabi/lib/thumb/v6-m/crt0.o (__libc_init_array)
c:/st/stm32cubeide_1.1.0/stm32cubeide/plugins/com.st.stm32cube.ide.mcu.externaltools.gnu-tools-for-stm32.7-2018-q2-update.win32_1.0.0.201904181610/tools/bin/../lib/gcc/arm-none-eabi/7.3.1/../../../../arm-none-eabi/lib/thumb/v6-m\libc_nano.a(lib_a-memcpy-stub.o)
                              Core/Src/driver_user_if.o (memcpy)
c:/st/stm32cubeide_1.1.0/stm32cubeide/plugins/com.st.stm32cube.ide.mcu.externaltools.gnu-tools-for-stm32.7-2018-q2-update.win32_1.0.0.201904181610/tools/bin/../lib/gcc/arm-none-eabi/7.3.1/../../../../arm-none-eabi/lib/thumb/v6-m\libc_nano.a(lib_a-memset.o)
                              c:/st/stm32cubeide_1.1.0/stm32cubeide/plugins/com.st.stm32cube.ide.mcu.externaltools.gnu-tools-for-stm32.7-2018-q2-update.win32_1.0.0.201904181610/tools/bin/../lib/gcc/arm-none-eabi/7.3.1/../../../../arm-none-eabi/lib/thumb/v6-m/crt0.o (memset)
c:/st/stm32cubeide_1.1.0/stm32cubeide/plugins/com.st.stm32cube.ide.mcu.externaltools.gnu-tools-for-stm32.7-2018-q2-update.win32_1.0.0.201904181610/tools/bin/../lib/gcc/arm-none-eabi/7.3.1/thumb/v6-m\libgcc.a(_udivsi3.o)
                              Core/Src/system_stm32f0xx.o (__aeabi_uidiv)
c:/st/stm32cubeide_1.1.0/stm32cubeide/plugins/com.st.stm32cube.ide.mcu.externaltools.gnu-tools-for-stm32.7-2018-q2-update.win32_1.0.0.201904181610/tools/bin/../lib/gcc/arm-none-eabi/7.3.1/thumb/v6-m\libgcc.a(_dvmd_tls.o)
                              c:/st/stm32cubeide_1.1.0/stm32cubeide/plugins/com.st.stm32cube.ide.mcu.externaltools.gnu-tools-for-stm32.7-2018-q2-update.win32_1.0.0.201904181610/tools/bin/../lib/gcc/arm-none-eabi/7.3.1/thumb/v6-m\libgcc.a(_udivsi3.o) (__aeabi_idiv0)
c:/st/stm32cubeide_1.1.0/stm32cubeide/plugins/com.st.stm32cube.ide.mcu.externaltools.gnu-tools-for-stm32.7-2018-q2-update.win32_1.0.0.201904181610/tools/bin/../lib/gcc/arm-none-eabi/7.3.1/../../../../arm-none-eabi/lib/thumb/v6-m\libnosys.a(_exit.o)
                              c:/st/stm32cubeide_1.1.0/stm32cubeide/plugins/com.st.stm32cube.ide.mcu.externaltools.gnu-tools-for-stm32.7-2018-q2-update.win32_1.0.0.201904181610/tools/bin/../lib/gcc/arm-none-eabi/7.3.1/../../../../arm-none-eabi/lib/thumb/v6-m\libc_nano.a(lib_a-exit.o) (_exit)

Allocating common symbols
Common symbol       size              file

can_rx_buf          0x10              Core/Src/driver_user_if.o
hUsbDeviceFS        0x2c4             USB_DEVICE/App/usb_device.o
usb_tx_buf          0x40              Core/Src/driver_user_if.o
hcan                0x28              Core/Src/main.o
uwTick              0x4               Drivers/STM32F0xx_HAL_Driver/Src/stm32f0xx_hal.o
can_tx_buf          0x10              Core/Src/driver_user_if.o
pFlash              0x20              Drivers/STM32F0xx_HAL_Driver/Src/stm32f0xx_hal_flash.o
g_usb_rx_complete   0x1               Core/Src/driver_user_if.o
i                   0x1               Core/Src/main.o
usb_rx_buf          0x40              Core/Src/driver_user_if.o
[...]
Memory Configuration

Name             Origin             Length             Attributes
RAM              0x0000000020000000 0x0000000000004000 xrw
FLASH            0x0000000008000000 0x0000000000020000 xr
*default*        0x0000000000000000 0xffffffffffffffff

Linker script and memory map

LOAD c:/st/stm32cubeide_1.1.0/stm32cubeide/plugins/com.st.stm32cube.ide.mcu.externaltools.gnu-tools-for-stm32.7-2018-q2-update.win32_1.0.0.201904181610/tools/bin/../lib/gcc/arm-none-eabi/7.3.1/thumb/v6-m/crti.o
LOAD c:/st/stm32cubeide_1.1.0/stm32cubeide/plugins/com.st.stm32cube.ide.mcu.externaltools.gnu-tools-for-stm32.7-2018-q2-update.win32_1.0.0.201904181610/tools/bin/../lib/gcc/arm-none-eabi/7.3.1/thumb/v6-m/crtbegin.o
LOAD c:/st/stm32cubeide_1.1.0/stm32cubeide/plugins/com.st.stm32cube.ide.mcu.externaltools.gnu-tools-for-stm32.7-2018-q2-update.win32_1.0.0.201904181610/tools/bin/../lib/gcc/arm-none-eabi/7.3.1/../../../../arm-none-eabi/lib/thumb/v6-m/crt0.o
LOAD Core/Src/downloader.o
LOAD Core/Src/driver_user_if.o
LOAD Core/Src/main.o
LOAD Core/Src/stm32f0xx_hal_msp.o
LOAD Core/Src/stm32f0xx_it.o
LOAD Core/Src/sysmem.o
LOAD Core/Src/system_stm32f0xx.o
LOAD Core/Startup/startup_stm32f072rbtx.o
LOAD Drivers/STM32F0xx_HAL_Driver/Src/stm32f0xx_hal.o
LOAD Drivers/STM32F0xx_HAL_Driver/Src/stm32f0xx_hal_can.o
LOAD Drivers/STM32F0xx_HAL_Driver/Src/stm32f0xx_hal_cortex.o
LOAD Drivers/STM32F0xx_HAL_Driver/Src/stm32f0xx_hal_dma.o
LOAD Drivers/STM32F0xx_HAL_Driver/Src/stm32f0xx_hal_exti.o
LOAD Drivers/STM32F0xx_HAL_Driver/Src/stm32f0xx_hal_flash.o
LOAD Drivers/STM32F0xx_HAL_Driver/Src/stm32f0xx_hal_flash_ex.o
LOAD Drivers/STM32F0xx_HAL_Driver/Src/stm32f0xx_hal_gpio.o
LOAD Drivers/STM32F0xx_HAL_Driver/Src/stm32f0xx_hal_i2c.o
LOAD Drivers/STM32F0xx_HAL_Driver/Src/stm32f0xx_hal_i2c_ex.o
LOAD Drivers/STM32F0xx_HAL_Driver/Src/stm32f0xx_hal_pcd.o
LOAD Drivers/STM32F0xx_HAL_Driver/Src/stm32f0xx_hal_pcd_ex.o
LOAD Drivers/STM32F0xx_HAL_Driver/Src/stm32f0xx_hal_pwr.o
LOAD Drivers/STM32F0xx_HAL_Driver/Src/stm32f0xx_hal_pwr_ex.o
LOAD Drivers/STM32F0xx_HAL_Driver/Src/stm32f0xx_hal_rcc.o
LOAD Drivers/STM32F0xx_HAL_Driver/Src/stm32f0xx_hal_rcc_ex.o
LOAD Drivers/STM32F0xx_HAL_Driver/Src/stm32f0xx_hal_tim.o
LOAD Drivers/STM32F0xx_HAL_Driver/Src/stm32f0xx_hal_tim_ex.o
LOAD Drivers/STM32F0xx_HAL_Driver/Src/stm32f0xx_ll_usb.o
LOAD Middlewares/ST/STM32_USB_Device_Library/Class/CustomHID/Src/usbd_customhid.o
LOAD Middlewares/ST/STM32_USB_Device_Library/Core/Src/usbd_core.o
LOAD Middlewares/ST/STM32_USB_Device_Library/Core/Src/usbd_ctlreq.o
LOAD Middlewares/ST/STM32_USB_Device_Library/Core/Src/usbd_ioreq.o
LOAD USB_DEVICE/App/usb_device.o
LOAD USB_DEVICE/App/usbd_custom_hid_if.o
LOAD USB_DEVICE/App/usbd_desc.o
LOAD USB_DEVICE/Target/usbd_conf.o
START GROUP
LOAD c:/st/stm32cubeide_1.1.0/stm32cubeide/plugins/com.st.stm32cube.ide.mcu.externaltools.gnu-tools-for-stm32.7-2018-q2-update.win32_1.0.0.201904181610/tools/bin/../lib/gcc/arm-none-eabi/7.3.1/../../../../arm-none-eabi/lib/thumb/v6-m\libc_nano.a
LOAD c:/st/stm32cubeide_1.1.0/stm32cubeide/plugins/com.st.stm32cube.ide.mcu.externaltools.gnu-tools-for-stm32.7-2018-q2-update.win32_1.0.0.201904181610/tools/bin/../lib/gcc/arm-none-eabi/7.3.1/../../../../arm-none-eabi/lib/thumb/v6-m\libm.a
END GROUP
START GROUP
LOAD c:/st/stm32cubeide_1.1.0/stm32cubeide/plugins/com.st.stm32cube.ide.mcu.externaltools.gnu-tools-for-stm32.7-2018-q2-update.win32_1.0.0.201904181610/tools/bin/../lib/gcc/arm-none-eabi/7.3.1/thumb/v6-m\libgcc.a
LOAD c:/st/stm32cubeide_1.1.0/stm32cubeide/plugins/com.st.stm32cube.ide.mcu.externaltools.gnu-tools-for-stm32.7-2018-q2-update.win32_1.0.0.201904181610/tools/bin/../lib/gcc/arm-none-eabi/7.3.1/../../../../arm-none-eabi/lib/thumb/v6-m\libc_nano.a
END GROUP
START GROUP
LOAD c:/st/stm32cubeide_1.1.0/stm32cubeide/plugins/com.st.stm32cube.ide.mcu.externaltools.gnu-tools-for-stm32.7-2018-q2-update.win32_1.0.0.201904181610/tools/bin/../lib/gcc/arm-none-eabi/7.3.1/thumb/v6-m\libgcc.a
LOAD c:/st/stm32cubeide_1.1.0/stm32cubeide/plugins/com.st.stm32cube.ide.mcu.externaltools.gnu-tools-for-stm32.7-2018-q2-update.win32_1.0.0.201904181610/tools/bin/../lib/gcc/arm-none-eabi/7.3.1/../../../../arm-none-eabi/lib/thumb/v6-m\libc_nano.a
LOAD c:/st/stm32cubeide_1.1.0/stm32cubeide/plugins/com.st.stm32cube.ide.mcu.externaltools.gnu-tools-for-stm32.7-2018-q2-update.win32_1.0.0.201904181610/tools/bin/../lib/gcc/arm-none-eabi/7.3.1/../../../../arm-none-eabi/lib/thumb/v6-m\libnosys.a
END GROUP
START GROUP
LOAD c:/st/stm32cubeide_1.1.0/stm32cubeide/plugins/com.st.stm32cube.ide.mcu.externaltools.gnu-tools-for-stm32.7-2018-q2-update.win32_1.0.0.201904181610/tools/bin/../lib/gcc/arm-none-eabi/7.3.1/thumb/v6-m\libgcc.a
LOAD c:/st/stm32cubeide_1.1.0/stm32cubeide/plugins/com.st.stm32cube.ide.mcu.externaltools.gnu-tools-for-stm32.7-2018-q2-update.win32_1.0.0.201904181610/tools/bin/../lib/gcc/arm-none-eabi/7.3.1/../../../../arm-none-eabi/lib/thumb/v6-m\libc_nano.a
LOAD c:/st/stm32cubeide_1.1.0/stm32cubeide/plugins/com.st.stm32cube.ide.mcu.externaltools.gnu-tools-for-stm32.7-2018-q2-update.win32_1.0.0.201904181610/tools/bin/../lib/gcc/arm-none-eabi/7.3.1/../../../../arm-none-eabi/lib/thumb/v6-m\libnosys.a
END GROUP
LOAD c:/st/stm32cubeide_1.1.0/stm32cubeide/plugins/com.st.stm32cube.ide.mcu.externaltools.gnu-tools-for-stm32.7-2018-q2-update.win32_1.0.0.201904181610/tools/bin/../lib/gcc/arm-none-eabi/7.3.1/thumb/v6-m/crtend.o
LOAD c:/st/stm32cubeide_1.1.0/stm32cubeide/plugins/com.st.stm32cube.ide.mcu.externaltools.gnu-tools-for-stm32.7-2018-q2-update.win32_1.0.0.201904181610/tools/bin/../lib/gcc/arm-none-eabi/7.3.1/thumb/v6-m/crtn.o
                0x0000000020004000                _estack = (ORIGIN (RAM) + LENGTH (RAM))
                0x0000000000000200                _Min_Heap_Size = 0x200
                0x0000000000000400                _Min_Stack_Size = 0x400

.isr_vector     0x0000000008000000       0xc0
                0x0000000008000000                . = ALIGN (0x4)
 *(.isr_vector)
 .isr_vector    0x0000000008000000       0xc0 Core/Startup/startup_stm32f072rbtx.o
                0x0000000008000000                g_pfnVectors
                0x00000000080000c0                . = ALIGN (0x4)

.text           0x00000000080000c0     0x6b8c
                0x00000000080000c0                . = ALIGN (0x4)
 *(.text)
 .text          0x00000000080000c0       0x48 c:/st/stm32cubeide_1.1.0/stm32cubeide/plugins/com.st.stm32cube.ide.mcu.externaltools.gnu-tools-for-stm32.7-2018-q2-update.win32_1.0.0.201904181610/tools/bin/../lib/gcc/arm-none-eabi/7.3.1/thumb/v6-m/crtbegin.o
 .text          0x0000000008000108      0x114 c:/st/stm32cubeide_1.1.0/stm32cubeide/plugins/com.st.stm32cube.ide.mcu.externaltools.gnu-tools-for-stm32.7-2018-q2-update.win32_1.0.0.201904181610/tools/bin/../lib/gcc/arm-none-eabi/7.3.1/thumb/v6-m\libgcc.a(_udivsi3.o)
                0x0000000008000108                __aeabi_uidiv
                0x0000000008000108                __udivsi3
                0x0000000008000214                __aeabi_uidivmod
 .text          0x000000000800021c        0x4 c:/st/stm32cubeide_1.1.0/stm32cubeide/plugins/com.st.stm32cube.ide.mcu.externaltools.gnu-tools-for-stm32.7-2018-q2-update.win32_1.0.0.201904181610/tools/bin/../lib/gcc/arm-none-eabi/7.3.1/thumb/v6-m\libgcc.a(_dvmd_tls.o)
                0x000000000800021c                __aeabi_idiv0
                0x000000000800021c                __aeabi_ldiv0
 *(.text*)
 .text.download_app
                0x0000000008000220       0x1c Core/Src/downloader.o
                0x0000000008000220                download_app
 .text.can_packet_tx_rx
                0x000000000800023c       0x64 Core/Src/downloader.o
 .text.message_buffer_init
                0x00000000080002a0       0x3c Core/Src/driver_user_if.o
                0x00000000080002a0                message_buffer_init
 .text.CAN_Filter_Init
                0x00000000080002dc       0x7c Core/Src/driver_user_if.o
                0x00000000080002dc                CAN_Filter_Init
 .text.CAN_Send
                0x0000000008000358       0xb4 Core/Src/driver_user_if.o
                0x0000000008000358                CAN_Send
 .text.USB_Send
                0x000000000800040c       0x4c Core/Src/driver_user_if.o
                0x000000000800040c                USB_Send
 .text.HAL_CAN_TxMailbox0CompleteCallback
                0x0000000008000458       0x1c Core/Src/driver_user_if.o
                0x0000000008000458                HAL_CAN_TxMailbox0CompleteCallback
 .text.HAL_CAN_RxFifo0MsgPendingCallback
                0x0000000008000474       0x30 Core/Src/driver_user_if.o
                0x0000000008000474                HAL_CAN_RxFifo0MsgPendingCallback
 .text.HAL_CAN_ErrorCallback
                0x00000000080004a4       0x14 Core/Src/driver_user_if.o
                0x00000000080004a4                HAL_CAN_ErrorCallback
 .text.USB_Receive_Callback
                0x00000000080004b8       0x44 Core/Src/driver_user_if.o
                0x00000000080004b8                USB_Receive_Callback
 .text.main     0x00000000080004fc       0x26 Core/Src/main.o
                0x00000000080004fc                main
 .text.SystemClock_Config
                0x0000000008000522       0xa8 Core/Src/main.o
                0x0000000008000522                SystemClock_Config
 *fill*         0x00000000080005ca        0x2 
 .text.MX_CAN_Init
                0x00000000080005cc       0x70 Core/Src/main.o
 .text.MX_GPIO_Init
                0x000000000800063c       0x4c Core/Src/main.o
 .text.Error_Handler
                0x0000000008000688        0xa Core/Src/main.o
                0x0000000008000688                Error_Handler
 *fill*         0x0000000008000692        0x2 
 .text.HAL_MspInit
                0x0000000008000694       0x48 Core/Src/stm32f0xx_hal_msp.o
                0x0000000008000694                HAL_MspInit
 .text.HAL_CAN_MspInit
                0x00000000080006dc       0xac Core/Src/stm32f0xx_hal_msp.o
                0x00000000080006dc                HAL_CAN_MspInit
 .text.NMI_Handler
                0x0000000008000788        0xa Core/Src/stm32f0xx_it.o
                0x0000000008000788                NMI_Handler
 .text.HardFault_Handler
                0x0000000008000792        0x6 Core/Src/stm32f0xx_it.o
                0x0000000008000792                HardFault_Handler
 .text.SVC_Handler
                0x0000000008000798        0xa Core/Src/stm32f0xx_it.o
                0x0000000008000798                SVC_Handler
 .text.PendSV_Handler
                0x00000000080007a2        0xa Core/Src/stm32f0xx_it.o
                0x00000000080007a2                PendSV_Handler
 .text.SysTick_Handler
                0x00000000080007ac        0xe Core/Src/stm32f0xx_it.o
                0x00000000080007ac                SysTick_Handler
 *fill*         0x00000000080007ba        0x2 
 .text.CEC_CAN_IRQHandler
                0x00000000080007bc       0x18 Core/Src/stm32f0xx_it.o
                0x00000000080007bc                CEC_CAN_IRQHandler
 .text.USB_IRQHandler
                0x00000000080007d4       0x18 Core/Src/stm32f0xx_it.o
                0x00000000080007d4                USB_IRQHandler
 .text.SystemInit
                0x00000000080007ec        0xa Core/Src/system_stm32f0xx.o
                0x00000000080007ec                SystemInit
 *fill*         0x00000000080007f6        0x2 
 .text.Reset_Handler
                0x00000000080007f8       0x50 Core/Startup/startup_stm32f072rbtx.o
                0x00000000080007f8                Reset_Handler
 .text.Default_Handler
                0x0000000008000848        0x2 Core/Startup/startup_stm32f072rbtx.o
                0x0000000008000848                TIM1_CC_IRQHandler
                0x0000000008000848                TSC_IRQHandler
                0x0000000008000848                ADC1_COMP_IRQHandler
                0x0000000008000848                I2C1_IRQHandler
                0x0000000008000848                RCC_CRS_IRQHandler
                0x0000000008000848                SPI1_IRQHandler
                0x0000000008000848                TIM6_DAC_IRQHandler
                0x0000000008000848                USART3_4_IRQHandler
                0x0000000008000848                EXTI2_3_IRQHandler
                0x0000000008000848                I2C2_IRQHandler
                0x0000000008000848                TIM17_IRQHandler
                0x0000000008000848                RTC_IRQHandler
                0x0000000008000848                PVD_VDDIO2_IRQHandler
                0x0000000008000848                DMA1_Channel4_5_6_7_IRQHandler
                0x0000000008000848                TIM16_IRQHandler
                0x0000000008000848                TIM3_IRQHandler
                0x0000000008000848                EXTI4_15_IRQHandler
                0x0000000008000848                DMA1_Channel1_IRQHandler
                0x0000000008000848                Default_Handler
                0x0000000008000848                TIM14_IRQHandler
                0x0000000008000848                TIM7_IRQHandler
                0x0000000008000848                TIM15_IRQHandler
                0x0000000008000848                EXTI0_1_IRQHandler
                0x0000000008000848                SPI2_IRQHandler
                0x0000000008000848                WWDG_IRQHandler
                0x0000000008000848                TIM2_IRQHandler
                0x0000000008000848                DMA1_Channel2_3_IRQHandler
                0x0000000008000848                USART2_IRQHandler
                0x0000000008000848                FLASH_IRQHandler
                0x0000000008000848                USART1_IRQHandler
                0x0000000008000848                TIM1_BRK_UP_TRG_COM_IRQHandler
 *fill*         0x000000000800084a        0x2 
 .text.HAL_Init
                0x000000000800084c       0x28 Drivers/STM32F0xx_HAL_Driver/Src/stm32f0xx_hal.o
                0x000000000800084c                HAL_Init
 .text.HAL_InitTick
                0x0000000008000874       0x68 Drivers/STM32F0xx_HAL_Driver/Src/stm32f0xx_hal.o
                0x0000000008000874                HAL_InitTick
 .text.HAL_IncTick
                0x00000000080008dc       0x24 Drivers/STM32F0xx_HAL_Driver/Src/stm32f0xx_hal.o
                0x00000000080008dc                HAL_IncTick
 .text.HAL_GetTick
                0x0000000008000900       0x14 Drivers/STM32F0xx_HAL_Driver/Src/stm32f0xx_hal.o
                0x0000000008000900                HAL_GetTick
 .text.HAL_CAN_Init
                0x0000000008000914      0x1fc Drivers/STM32F0xx_HAL_Driver/Src/stm32f0xx_hal_can.o
                0x0000000008000914                HAL_CAN_Init
 .text.HAL_CAN_ConfigFilter
                0x0000000008000b10      0x1e4 Drivers/STM32F0xx_HAL_Driver/Src/stm32f0xx_hal_can.o
                0x0000000008000b10                HAL_CAN_ConfigFilter
 .text.HAL_CAN_Start
                0x0000000008000cf4       0x8c Drivers/STM32F0xx_HAL_Driver/Src/stm32f0xx_hal_can.o
                0x0000000008000cf4                HAL_CAN_Start
 .text.HAL_CAN_AddTxMessage
                0x0000000008000d80      0x1be Drivers/STM32F0xx_HAL_Driver/Src/stm32f0xx_hal_can.o
                0x0000000008000d80                HAL_CAN_AddTxMessage
 .text.HAL_CAN_GetTxMailboxesFreeLevel
                0x0000000008000f3e       0x70 Drivers/STM32F0xx_HAL_Driver/Src/stm32f0xx_hal_can.o
                0x0000000008000f3e                HAL_CAN_GetTxMailboxesFreeLevel
 .text.HAL_CAN_GetRxMessage
                0x0000000008000fae      0x238 Drivers/STM32F0xx_HAL_Driver/Src/stm32f0xx_hal_can.o
                0x0000000008000fae                HAL_CAN_GetRxMessage
 .text.HAL_CAN_ActivateNotification
                0x00000000080011e6       0x54 Drivers/STM32F0xx_HAL_Driver/Src/stm32f0xx_hal_can.o
                0x00000000080011e6                HAL_CAN_ActivateNotification
 .text.HAL_CAN_IRQHandler
                0x000000000800123a      0x362 Drivers/STM32F0xx_HAL_Driver/Src/stm32f0xx_hal_can.o
                0x000000000800123a                HAL_CAN_IRQHandler
 .text.HAL_CAN_TxMailbox1CompleteCallback
                0x000000000800159c       0x10 Drivers/STM32F0xx_HAL_Driver/Src/stm32f0xx_hal_can.o
                0x000000000800159c                HAL_CAN_TxMailbox1CompleteCallback
 .text.HAL_CAN_TxMailbox2CompleteCallback
                0x00000000080015ac       0x10 Drivers/STM32F0xx_HAL_Driver/Src/stm32f0xx_hal_can.o
                0x00000000080015ac                HAL_CAN_TxMailbox2CompleteCallback
 .text.HAL_CAN_TxMailbox0AbortCallback
                0x00000000080015bc       0x10 Drivers/STM32F0xx_HAL_Driver/Src/stm32f0xx_hal_can.o
                0x00000000080015bc                HAL_CAN_TxMailbox0AbortCallback
 .text.HAL_CAN_TxMailbox1AbortCallback
                0x00000000080015cc       0x10 Drivers/STM32F0xx_HAL_Driver/Src/stm32f0xx_hal_can.o
                0x00000000080015cc                HAL_CAN_TxMailbox1AbortCallback
 .text.HAL_CAN_TxMailbox2AbortCallback
                0x00000000080015dc       0x10 Drivers/STM32F0xx_HAL_Driver/Src/stm32f0xx_hal_can.o
                0x00000000080015dc                HAL_CAN_TxMailbox2AbortCallback
 .text.HAL_CAN_RxFifo0FullCallback
                0x00000000080015ec       0x10 Drivers/STM32F0xx_HAL_Driver/Src/stm32f0xx_hal_can.o
                0x00000000080015ec                HAL_CAN_RxFifo0FullCallback
 .text.HAL_CAN_RxFifo1MsgPendingCallback
                0x00000000080015fc       0x10 Drivers/STM32F0xx_HAL_Driver/Src/stm32f0xx_hal_can.o
                0x00000000080015fc                HAL_CAN_RxFifo1MsgPendingCallback
 .text.HAL_CAN_RxFifo1FullCallback
                0x000000000800160c       0x10 Drivers/STM32F0xx_HAL_Driver/Src/stm32f0xx_hal_can.o
                0x000000000800160c                HAL_CAN_RxFifo1FullCallback
 .text.HAL_CAN_SleepCallback
                0x000000000800161c       0x10 Drivers/STM32F0xx_HAL_Driver/Src/stm32f0xx_hal_can.o
                0x000000000800161c                HAL_CAN_SleepCallback
 .text.HAL_CAN_WakeUpFromRxMsgCallback
                0x000000000800162c       0x10 Drivers/STM32F0xx_HAL_Driver/Src/stm32f0xx_hal_can.o
                0x000000000800162c                HAL_CAN_WakeUpFromRxMsgCallback
 .text.__NVIC_EnableIRQ
                0x000000000800163c       0x34 Drivers/STM32F0xx_HAL_Driver/Src/stm32f0xx_hal_cortex.o
 .text.__NVIC_SetPriority
                0x0000000008001670       0xdc Drivers/STM32F0xx_HAL_Driver/Src/stm32f0xx_hal_cortex.o
 .text.SysTick_Config
                0x000000000800174c       0x48 Drivers/STM32F0xx_HAL_Driver/Src/stm32f0xx_hal_cortex.o
 .text.HAL_NVIC_SetPriority
                0x0000000008001794       0x2a Drivers/STM32F0xx_HAL_Driver/Src/stm32f0xx_hal_cortex.o
                0x0000000008001794                HAL_NVIC_SetPriority
 .text.HAL_NVIC_EnableIRQ
                0x00000000080017be       0x20 Drivers/STM32F0xx_HAL_Driver/Src/stm32f0xx_hal_cortex.o
                0x00000000080017be                HAL_NVIC_EnableIRQ
 .text.HAL_SYSTICK_Config
                0x00000000080017de       0x1a Drivers/STM32F0xx_HAL_Driver/Src/stm32f0xx_hal_cortex.o
                0x00000000080017de                HAL_SYSTICK_Config
 .text.HAL_GPIO_Init
                0x00000000080017f8      0x2f0 Drivers/STM32F0xx_HAL_Driver/Src/stm32f0xx_hal_gpio.o
                0x00000000080017f8                HAL_GPIO_Init
 .text.HAL_PCD_Init
                0x0000000008001ae8      0x1c8 Drivers/STM32F0xx_HAL_Driver/Src/stm32f0xx_hal_pcd.o
                0x0000000008001ae8                HAL_PCD_Init
 .text.HAL_PCD_Start
                0x0000000008001cb0       0x4a Drivers/STM32F0xx_HAL_Driver/Src/stm32f0xx_hal_pcd.o
                0x0000000008001cb0                HAL_PCD_Start
 *fill*         0x0000000008001cfa        0x2 
 .text.HAL_PCD_IRQHandler
                0x0000000008001cfc      0x310 Drivers/STM32F0xx_HAL_Driver/Src/stm32f0xx_hal_pcd.o
                0x0000000008001cfc                HAL_PCD_IRQHandler
 .text.HAL_PCD_SetAddress
                0x000000000800200c       0x56 Drivers/STM32F0xx_HAL_Driver/Src/stm32f0xx_hal_pcd.o
                0x000000000800200c                HAL_PCD_SetAddress
 .text.HAL_PCD_EP_Open
                0x0000000008002062       0xe4 Drivers/STM32F0xx_HAL_Driver/Src/stm32f0xx_hal_pcd.o
                0x0000000008002062                HAL_PCD_EP_Open
 .text.HAL_PCD_EP_Close
                0x0000000008002146       0x96 Drivers/STM32F0xx_HAL_Driver/Src/stm32f0xx_hal_pcd.o
                0x0000000008002146                HAL_PCD_EP_Close
 .text.HAL_PCD_EP_Receive
                0x00000000080021dc       0x82 Drivers/STM32F0xx_HAL_Driver/Src/stm32f0xx_hal_pcd.o
                0x00000000080021dc                HAL_PCD_EP_Receive
 .text.HAL_PCD_EP_Transmit
                0x000000000800225e       0x80 Drivers/STM32F0xx_HAL_Driver/Src/stm32f0xx_hal_pcd.o
                0x000000000800225e                HAL_PCD_EP_Transmit
 .text.HAL_PCD_EP_SetStall
                0x00000000080022de       0xcc Drivers/STM32F0xx_HAL_Driver/Src/stm32f0xx_hal_pcd.o
                0x00000000080022de                HAL_PCD_EP_SetStall
 .text.HAL_PCD_EP_ClrStall
                0x00000000080023aa       0xb0 Drivers/STM32F0xx_HAL_Driver/Src/stm32f0xx_hal_pcd.o
                0x00000000080023aa                HAL_PCD_EP_ClrStall
 *fill*         0x000000000800245a        0x2 
 .text.PCD_EP_ISR_Handler
                0x000000000800245c      0x5a8 Drivers/STM32F0xx_HAL_Driver/Src/stm32f0xx_hal_pcd.o
 .text.HAL_PCDEx_PMAConfig
                0x0000000008002a04       0x90 Drivers/STM32F0xx_HAL_Driver/Src/stm32f0xx_hal_pcd_ex.o
                0x0000000008002a04                HAL_PCDEx_PMAConfig
 .text.HAL_PCDEx_ActivateLPM
                0x0000000008002a94       0x54 Drivers/STM32F0xx_HAL_Driver/Src/stm32f0xx_hal_pcd_ex.o
                0x0000000008002a94                HAL_PCDEx_ActivateLPM
 .text.HAL_PCDEx_LPM_Callback
                0x0000000008002ae8       0x16 Drivers/STM32F0xx_HAL_Driver/Src/stm32f0xx_hal_pcd_ex.o
                0x0000000008002ae8                HAL_PCDEx_LPM_Callback
 *fill*         0x0000000008002afe        0x2 
 .text.HAL_RCC_OscConfig
                0x0000000008002b00      0x70c Drivers/STM32F0xx_HAL_Driver/Src/stm32f0xx_hal_rcc.o
                0x0000000008002b00                HAL_RCC_OscConfig
 .text.HAL_RCC_ClockConfig
                0x000000000800320c      0x1b4 Drivers/STM32F0xx_HAL_Driver/Src/stm32f0xx_hal_rcc.o
                0x000000000800320c                HAL_RCC_ClockConfig
 .text.HAL_RCC_GetSysClockFreq
                0x00000000080033c0       0xfc Drivers/STM32F0xx_HAL_Driver/Src/stm32f0xx_hal_rcc.o
                0x00000000080033c0                HAL_RCC_GetSysClockFreq
 .text.HAL_RCCEx_PeriphCLKConfig
                0x00000000080034bc      0x200 Drivers/STM32F0xx_HAL_Driver/Src/stm32f0xx_hal_rcc_ex.o
                0x00000000080034bc                HAL_RCCEx_PeriphCLKConfig
 .text.USB_EnableGlobalInt
                0x00000000080036bc       0x34 Drivers/STM32F0xx_HAL_Driver/Src/stm32f0xx_ll_usb.o
                0x00000000080036bc                USB_EnableGlobalInt
 .text.USB_DisableGlobalInt
                0x00000000080036f0       0x40 Drivers/STM32F0xx_HAL_Driver/Src/stm32f0xx_ll_usb.o
                0x00000000080036f0                USB_DisableGlobalInt
 .text.USB_DevInit
                0x0000000008003730       0x60 Drivers/STM32F0xx_HAL_Driver/Src/stm32f0xx_ll_usb.o
                0x0000000008003730                USB_DevInit
 .text.USB_ActivateEndpoint
                0x0000000008003790      0x5f0 Drivers/STM32F0xx_HAL_Driver/Src/stm32f0xx_ll_usb.o
                0x0000000008003790                USB_ActivateEndpoint
 .text.USB_DeactivateEndpoint
                0x0000000008003d80      0x2ec Drivers/STM32F0xx_HAL_Driver/Src/stm32f0xx_ll_usb.o
                0x0000000008003d80                USB_DeactivateEndpoint
 .text.USB_EPStartXfer
                0x000000000800406c      0x5a4 Drivers/STM32F0xx_HAL_Driver/Src/stm32f0xx_ll_usb.o
                0x000000000800406c                USB_EPStartXfer
 .text.USB_EPSetStall
                0x0000000008004610       0x84 Drivers/STM32F0xx_HAL_Driver/Src/stm32f0xx_ll_usb.o
                0x0000000008004610                USB_EPSetStall
 .text.USB_EPClearStall
                0x0000000008004694      0x124 Drivers/STM32F0xx_HAL_Driver/Src/stm32f0xx_ll_usb.o
                0x0000000008004694                USB_EPClearStall
 .text.USB_SetDevAddress
                0x00000000080047b8       0x28 Drivers/STM32F0xx_HAL_Driver/Src/stm32f0xx_ll_usb.o
                0x00000000080047b8                USB_SetDevAddress
 .text.USB_DevConnect
                0x00000000080047e0       0x2c Drivers/STM32F0xx_HAL_Driver/Src/stm32f0xx_ll_usb.o
                0x00000000080047e0                USB_DevConnect
 .text.USB_ReadInterrupts
                0x000000000800480c       0x1c Drivers/STM32F0xx_HAL_Driver/Src/stm32f0xx_ll_usb.o
                0x000000000800480c                USB_ReadInterrupts
 .text.USB_EP0_OutStart
                0x0000000008004828       0x14 Drivers/STM32F0xx_HAL_Driver/Src/stm32f0xx_ll_usb.o
                0x0000000008004828                USB_EP0_OutStart
 .text.USB_WritePMA
                0x000000000800483c       0x86 Drivers/STM32F0xx_HAL_Driver/Src/stm32f0xx_ll_usb.o
                0x000000000800483c                USB_WritePMA
 .text.USB_ReadPMA
                0x00000000080048c2       0x9e Drivers/STM32F0xx_HAL_Driver/Src/stm32f0xx_ll_usb.o
                0x00000000080048c2                USB_ReadPMA
 .text.USBD_CUSTOM_HID_Init
                0x0000000008004960       0x9c Middlewares/ST/STM32_USB_Device_Library/Class/CustomHID/Src/usbd_customhid.o
 .text.USBD_CUSTOM_HID_DeInit
                0x00000000080049fc       0x6c Middlewares/ST/STM32_USB_Device_Library/Class/CustomHID/Src/usbd_customhid.o
 .text.USBD_CUSTOM_HID_Setup
                0x0000000008004a68      0x21c Middlewares/ST/STM32_USB_Device_Library/Class/CustomHID/Src/usbd_customhid.o
 .text.USBD_CUSTOM_HID_SendReport
                0x0000000008004c84       0x54 Middlewares/ST/STM32_USB_Device_Library/Class/CustomHID/Src/usbd_customhid.o
                0x0000000008004c84                USBD_CUSTOM_HID_SendReport
 .text.USBD_CUSTOM_HID_GetFSCfgDesc
                0x0000000008004cd8       0x1c Middlewares/ST/STM32_USB_Device_Library/Class/CustomHID/Src/usbd_customhid.o
 .text.USBD_CUSTOM_HID_GetHSCfgDesc
                0x0000000008004cf4       0x1c Middlewares/ST/STM32_USB_Device_Library/Class/CustomHID/Src/usbd_customhid.o
 .text.USBD_CUSTOM_HID_GetOtherSpeedCfgDesc
                0x0000000008004d10       0x1c Middlewares/ST/STM32_USB_Device_Library/Class/CustomHID/Src/usbd_customhid.o
 .text.USBD_CUSTOM_HID_DataIn
                0x0000000008004d2c       0x26 Middlewares/ST/STM32_USB_Device_Library/Class/CustomHID/Src/usbd_customhid.o
 .text.USBD_CUSTOM_HID_DataOut
                0x0000000008004d52       0x44 Middlewares/ST/STM32_USB_Device_Library/Class/CustomHID/Src/usbd_customhid.o
 .text.USBD_CUSTOM_HID_EP0_RxReady
                0x0000000008004d96       0x40 Middlewares/ST/STM32_USB_Device_Library/Class/CustomHID/Src/usbd_customhid.o
 *fill*         0x0000000008004dd6        0x2 
 .text.USBD_CUSTOM_HID_GetDeviceQualifierDesc
                0x0000000008004dd8       0x1c Middlewares/ST/STM32_USB_Device_Library/Class/CustomHID/Src/usbd_customhid.o
 .text.USBD_CUSTOM_HID_RegisterInterface
                0x0000000008004df4       0x38 Middlewares/ST/STM32_USB_Device_Library/Class/CustomHID/Src/usbd_customhid.o
                0x0000000008004df4                USBD_CUSTOM_HID_RegisterInterface
 .text.USBD_Init
                0x0000000008004e2c       0x62 Middlewares/ST/STM32_USB_Device_Library/Core/Src/usbd_core.o
                0x0000000008004e2c                USBD_Init
 .text.USBD_RegisterClass
                0x0000000008004e8e       0x42 Middlewares/ST/STM32_USB_Device_Library/Core/Src/usbd_core.o
                0x0000000008004e8e                USBD_RegisterClass
 .text.USBD_Start
                0x0000000008004ed0       0x1a Middlewares/ST/STM32_USB_Device_Library/Core/Src/usbd_core.o
                0x0000000008004ed0                USBD_Start
 .text.USBD_RunTestMode
                0x0000000008004eea       0x12 Middlewares/ST/STM32_USB_Device_Library/Core/Src/usbd_core.o
                0x0000000008004eea                USBD_RunTestMode
 .text.USBD_SetClassConfig
                0x0000000008004efc       0x50 Middlewares/ST/STM32_USB_Device_Library/Core/Src/usbd_core.o
                0x0000000008004efc                USBD_SetClassConfig
 .text.USBD_ClrClassConfig
                0x0000000008004f4c       0x2c Middlewares/ST/STM32_USB_Device_Library/Core/Src/usbd_core.o
                0x0000000008004f4c                USBD_ClrClassConfig
 .text.USBD_LL_SetupStage
                0x0000000008004f78       0xb8 Middlewares/ST/STM32_USB_Device_Library/Core/Src/usbd_core.o
                0x0000000008004f78                USBD_LL_SetupStage
 .text.USBD_LL_DataOutStage
                0x0000000008005030      0x104 Middlewares/ST/STM32_USB_Device_Library/Core/Src/usbd_core.o
                0x0000000008005030                USBD_LL_DataOutStage
 .text.USBD_LL_DataInStage
                0x0000000008005134      0x17a Middlewares/ST/STM32_USB_Device_Library/Core/Src/usbd_core.o
                0x0000000008005134                USBD_LL_DataInStage
 .text.USBD_LL_Reset
                0x00000000080052ae       0x90 Middlewares/ST/STM32_USB_Device_Library/Core/Src/usbd_core.o
                0x00000000080052ae                USBD_LL_Reset
 .text.USBD_LL_SetSpeed
                0x000000000800533e       0x20 Middlewares/ST/STM32_USB_Device_Library/Core/Src/usbd_core.o
                0x000000000800533e                USBD_LL_SetSpeed
 *fill*         0x000000000800535e        0x2 
 .text.USBD_LL_Suspend
                0x0000000008005360       0x30 Middlewares/ST/STM32_USB_Device_Library/Core/Src/usbd_core.o
                0x0000000008005360                USBD_LL_Suspend
 .text.USBD_LL_Resume
                0x0000000008005390       0x30 Middlewares/ST/STM32_USB_Device_Library/Core/Src/usbd_core.o
                0x0000000008005390                USBD_LL_Resume
 .text.USBD_LL_SOF
                0x00000000080053c0       0x3c Middlewares/ST/STM32_USB_Device_Library/Core/Src/usbd_core.o
                0x00000000080053c0                USBD_LL_SOF
 .text.USBD_StdDevReq
                0x00000000080053fc       0xe4 Middlewares/ST/STM32_USB_Device_Library/Core/Src/usbd_ctlreq.o
                0x00000000080053fc                USBD_StdDevReq
 .text.USBD_StdItfReq
                0x00000000080054e0       0xae Middlewares/ST/STM32_USB_Device_Library/Core/Src/usbd_ctlreq.o
                0x00000000080054e0                USBD_StdItfReq
 .text.USBD_StdEPReq
                0x000000000800558e      0x37c Middlewares/ST/STM32_USB_Device_Library/Core/Src/usbd_ctlreq.o
                0x000000000800558e                USBD_StdEPReq
 *fill*         0x000000000800590a        0x2 
 .text.USBD_GetDescriptor
                0x000000000800590c      0x368 Middlewares/ST/STM32_USB_Device_Library/Core/Src/usbd_ctlreq.o
 .text.USBD_SetAddress
                0x0000000008005c74       0xa8 Middlewares/ST/STM32_USB_Device_Library/Core/Src/usbd_ctlreq.o
 .text.USBD_SetConfig
                0x0000000008005d1c      0x148 Middlewares/ST/STM32_USB_Device_Library/Core/Src/usbd_ctlreq.o
 .text.USBD_GetConfig
                0x0000000008005e64       0x74 Middlewares/ST/STM32_USB_Device_Library/Core/Src/usbd_ctlreq.o
 .text.USBD_GetStatus
                0x0000000008005ed8       0x74 Middlewares/ST/STM32_USB_Device_Library/Core/Src/usbd_ctlreq.o
 .text.USBD_SetFeature
                0x0000000008005f4c       0x2c Middlewares/ST/STM32_USB_Device_Library/Core/Src/usbd_ctlreq.o
 .text.USBD_ClrFeature
                0x0000000008005f78       0x4c Middlewares/ST/STM32_USB_Device_Library/Core/Src/usbd_ctlreq.o
 .text.USBD_ParseSetupRequest
                0x0000000008005fc4       0x76 Middlewares/ST/STM32_USB_Device_Library/Core/Src/usbd_ctlreq.o
                0x0000000008005fc4                USBD_ParseSetupRequest
 .text.USBD_CtlError
                0x000000000800603a       0x26 Middlewares/ST/STM32_USB_Device_Library/Core/Src/usbd_ctlreq.o
                0x000000000800603a                USBD_CtlError
 .text.USBD_GetString
                0x0000000008006060       0x9e Middlewares/ST/STM32_USB_Device_Library/Core/Src/usbd_ctlreq.o
                0x0000000008006060                USBD_GetString
 .text.USBD_GetLen
                0x00000000080060fe       0x3a Middlewares/ST/STM32_USB_Device_Library/Core/Src/usbd_ctlreq.o
 .text.USBD_CtlSendData
                0x0000000008006138       0x40 Middlewares/ST/STM32_USB_Device_Library/Core/Src/usbd_ioreq.o
                0x0000000008006138                USBD_CtlSendData
 .text.USBD_CtlContinueSendData
                0x0000000008006178       0x26 Middlewares/ST/STM32_USB_Device_Library/Core/Src/usbd_ioreq.o
                0x0000000008006178                USBD_CtlContinueSendData
 .text.USBD_CtlPrepareRx
                0x000000000800619e       0x48 Middlewares/ST/STM32_USB_Device_Library/Core/Src/usbd_ioreq.o
                0x000000000800619e                USBD_CtlPrepareRx
 .text.USBD_CtlContinueRx
                0x00000000080061e6       0x26 Middlewares/ST/STM32_USB_Device_Library/Core/Src/usbd_ioreq.o
                0x00000000080061e6                USBD_CtlContinueRx
 .text.USBD_CtlSendStatus
                0x000000000800620c       0x28 Middlewares/ST/STM32_USB_Device_Library/Core/Src/usbd_ioreq.o
                0x000000000800620c                USBD_CtlSendStatus
 .text.USBD_CtlReceiveStatus
                0x0000000008006234       0x28 Middlewares/ST/STM32_USB_Device_Library/Core/Src/usbd_ioreq.o
                0x0000000008006234                USBD_CtlReceiveStatus
 .text.MX_USB_DEVICE_Init
                0x000000000800625c       0x68 USB_DEVICE/App/usb_device.o
                0x000000000800625c                MX_USB_DEVICE_Init
 .text.CUSTOM_HID_Init_FS
                0x00000000080062c4        0xc USB_DEVICE/App/usbd_custom_hid_if.o
 .text.CUSTOM_HID_DeInit_FS
                0x00000000080062d0        0xc USB_DEVICE/App/usbd_custom_hid_if.o
 .text.CUSTOM_HID_OutEvent_FS
                0x00000000080062dc       0x2c USB_DEVICE/App/usbd_custom_hid_if.o
 .text.USBD_FS_DeviceDescriptor
                0x0000000008006308       0x24 USB_DEVICE/App/usbd_desc.o
                0x0000000008006308                USBD_FS_DeviceDescriptor
 .text.USBD_FS_LangIDStrDescriptor
                0x000000000800632c       0x24 USB_DEVICE/App/usbd_desc.o
                0x000000000800632c                USBD_FS_LangIDStrDescriptor
 .text.USBD_FS_ProductStrDescriptor
                0x0000000008006350       0x44 USB_DEVICE/App/usbd_desc.o
                0x0000000008006350                USBD_FS_ProductStrDescriptor
 .text.USBD_FS_ManufacturerStrDescriptor
                0x0000000008006394       0x2c USB_DEVICE/App/usbd_desc.o
                0x0000000008006394                USBD_FS_ManufacturerStrDescriptor
 .text.USBD_FS_SerialStrDescriptor
                0x00000000080063c0       0x28 USB_DEVICE/App/usbd_desc.o
                0x00000000080063c0                USBD_FS_SerialStrDescriptor
 .text.USBD_FS_ConfigStrDescriptor
                0x00000000080063e8       0x44 USB_DEVICE/App/usbd_desc.o
                0x00000000080063e8                USBD_FS_ConfigStrDescriptor
 .text.USBD_FS_InterfaceStrDescriptor
                0x000000000800642c       0x44 USB_DEVICE/App/usbd_desc.o
                0x000000000800642c                USBD_FS_InterfaceStrDescriptor
 .text.Get_SerialNum
                0x0000000008006470       0x5c USB_DEVICE/App/usbd_desc.o
 .text.IntToUnicode
                0x00000000080064cc       0x94 USB_DEVICE/App/usbd_desc.o
 .text.HAL_PCD_MspInit
                0x0000000008006560       0x50 USB_DEVICE/Target/usbd_conf.o
                0x0000000008006560                HAL_PCD_MspInit
 .text.HAL_PCD_SetupStageCallback
                0x00000000080065b0       0x2a USB_DEVICE/Target/usbd_conf.o
                0x00000000080065b0                HAL_PCD_SetupStageCallback
 .text.HAL_PCD_DataOutStageCallback
                0x00000000080065da       0x3a USB_DEVICE/Target/usbd_conf.o
                0x00000000080065da                HAL_PCD_DataOutStageCallback
 .text.HAL_PCD_DataInStageCallback
                0x0000000008006614       0x36 USB_DEVICE/Target/usbd_conf.o
                0x0000000008006614                HAL_PCD_DataInStageCallback
 .text.HAL_PCD_SOFCallback
                0x000000000800664a       0x1e USB_DEVICE/Target/usbd_conf.o
                0x000000000800664a                HAL_PCD_SOFCallback
 .text.HAL_PCD_ResetCallback
                0x0000000008006668       0x48 USB_DEVICE/Target/usbd_conf.o
                0x0000000008006668                HAL_PCD_ResetCallback
 .text.HAL_PCD_SuspendCallback
                0x00000000080066b0       0x38 USB_DEVICE/Target/usbd_conf.o
                0x00000000080066b0                HAL_PCD_SuspendCallback
 .text.HAL_PCD_ResumeCallback
                0x00000000080066e8       0x3c USB_DEVICE/Target/usbd_conf.o
                0x00000000080066e8                HAL_PCD_ResumeCallback
 .text.USBD_LL_Init
                0x0000000008006724       0xb0 USB_DEVICE/Target/usbd_conf.o
                0x0000000008006724                USBD_LL_Init
 .text.USBD_LL_Start
                0x00000000080067d4       0x4c USB_DEVICE/Target/usbd_conf.o
                0x00000000080067d4                USBD_LL_Start
 .text.USBD_LL_OpenEP
                0x0000000008006820       0x6e USB_DEVICE/Target/usbd_conf.o
                0x0000000008006820                USBD_LL_OpenEP
 .text.USBD_LL_CloseEP
                0x000000000800688e       0x58 USB_DEVICE/Target/usbd_conf.o
                0x000000000800688e                USBD_LL_CloseEP
 .text.USBD_LL_StallEP
                0x00000000080068e6       0x58 USB_DEVICE/Target/usbd_conf.o
                0x00000000080068e6                USBD_LL_StallEP
 .text.USBD_LL_ClearStallEP
                0x000000000800693e       0x58 USB_DEVICE/Target/usbd_conf.o
                0x000000000800693e                USBD_LL_ClearStallEP
 .text.USBD_LL_IsStallEP
                0x0000000008006996       0x56 USB_DEVICE/Target/usbd_conf.o
                0x0000000008006996                USBD_LL_IsStallEP
 .text.USBD_LL_SetUSBAddress
                0x00000000080069ec       0x58 USB_DEVICE/Target/usbd_conf.o
                0x00000000080069ec                USBD_LL_SetUSBAddress
 .text.USBD_LL_Transmit
                0x0000000008006a44       0x70 USB_DEVICE/Target/usbd_conf.o
                0x0000000008006a44                USBD_LL_Transmit
 .text.USBD_LL_PrepareReceive
                0x0000000008006ab4       0x70 USB_DEVICE/Target/usbd_conf.o
                0x0000000008006ab4                USBD_LL_PrepareReceive
 .text.USBD_static_malloc
                0x0000000008006b24       0x18 USB_DEVICE/Target/usbd_conf.o
                0x0000000008006b24                USBD_static_malloc
 .text.USBD_static_free
                0x0000000008006b3c       0x10 USB_DEVICE/Target/usbd_conf.o
                0x0000000008006b3c                USBD_static_free
 .text.SystemClockConfig_Resume
                0x0000000008006b4c        0xe USB_DEVICE/Target/usbd_conf.o
 .text.USBD_Get_USB_Status
                0x0000000008006b5a       0x6e USB_DEVICE/Target/usbd_conf.o
 .text.__libc_init_array
                0x0000000008006bc8       0x48 c:/st/stm32cubeide_1.1.0/stm32cubeide/plugins/com.st.stm32cube.ide.mcu.externaltools.gnu-tools-for-stm32.7-2018-q2-update.win32_1.0.0.201904181610/tools/bin/../lib/gcc/arm-none-eabi/7.3.1/../../../../arm-none-eabi/lib/thumb/v6-m\libc_nano.a(lib_a-init.o)
                0x0000000008006bc8                __libc_init_array
 .text.memcpy   0x0000000008006c10       0x12 c:/st/stm32cubeide_1.1.0/stm32cubeide/plugins/com.st.stm32cube.ide.mcu.externaltools.gnu-tools-for-stm32.7-2018-q2-update.win32_1.0.0.201904181610/tools/bin/../lib/gcc/arm-none-eabi/7.3.1/../../../../arm-none-eabi/lib/thumb/v6-m\libc_nano.a(lib_a-memcpy-stub.o)
                0x0000000008006c10                memcpy
 .text.memset   0x0000000008006c22       0x10 c:/st/stm32cubeide_1.1.0/stm32cubeide/plugins/com.st.stm32cube.ide.mcu.externaltools.gnu-tools-for-stm32.7-2018-q2-update.win32_1.0.0.201904181610/tools/bin/../lib/gcc/arm-none-eabi/7.3.1/../../../../arm-none-eabi/lib/thumb/v6-m\libc_nano.a(lib_a-memset.o)
                0x0000000008006c22                memset
 *(.glue_7)
 .glue_7        0x0000000008006c32        0x0 linker stubs
 *(.glue_7t)
 .glue_7t       0x0000000008006c32        0x0 linker stubs
 *(.eh_frame)
 *fill*         0x0000000008006c32        0x2 
 .eh_frame      0x0000000008006c34        0x0 c:/st/stm32cubeide_1.1.0/stm32cubeide/plugins/com.st.stm32cube.ide.mcu.externaltools.gnu-tools-for-stm32.7-2018-q2-update.win32_1.0.0.201904181610/tools/bin/../lib/gcc/arm-none-eabi/7.3.1/thumb/v6-m/crtbegin.o
 *(.init)
 .init          0x0000000008006c34        0x4 c:/st/stm32cubeide_1.1.0/stm32cubeide/plugins/com.st.stm32cube.ide.mcu.externaltools.gnu-tools-for-stm32.7-2018-q2-update.win32_1.0.0.201904181610/tools/bin/../lib/gcc/arm-none-eabi/7.3.1/thumb/v6-m/crti.o
                0x0000000008006c34                _init
 .init          0x0000000008006c38        0x8 c:/st/stm32cubeide_1.1.0/stm32cubeide/plugins/com.st.stm32cube.ide.mcu.externaltools.gnu-tools-for-stm32.7-2018-q2-update.win32_1.0.0.201904181610/tools/bin/../lib/gcc/arm-none-eabi/7.3.1/thumb/v6-m/crtn.o
 *(.fini)
 .fini          0x0000000008006c40        0x4 c:/st/stm32cubeide_1.1.0/stm32cubeide/plugins/com.st.stm32cube.ide.mcu.externaltools.gnu-tools-for-stm32.7-2018-q2-update.win32_1.0.0.201904181610/tools/bin/../lib/gcc/arm-none-eabi/7.3.1/thumb/v6-m/crti.o
                0x0000000008006c40                _fini
 .fini          0x0000000008006c44        0x8 c:/st/stm32cubeide_1.1.0/stm32cubeide/plugins/com.st.stm32cube.ide.mcu.externaltools.gnu-tools-for-stm32.7-2018-q2-update.win32_1.0.0.201904181610/tools/bin/../lib/gcc/arm-none-eabi/7.3.1/thumb/v6-m/crtn.o
                0x0000000008006c4c                . = ALIGN (0x4)
                0x0000000008006c4c                _etext = .

.vfp11_veneer   0x0000000008006c4c        0x0
 .vfp11_veneer  0x0000000008006c4c        0x0 linker stubs

.v4_bx          0x0000000008006c4c        0x0
 .v4_bx         0x0000000008006c4c        0x0 linker stubs

.iplt           0x0000000008006c4c        0x0
 .iplt          0x0000000008006c4c        0x0 c:/st/stm32cubeide_1.1.0/stm32cubeide/plugins/com.st.stm32cube.ide.mcu.externaltools.gnu-tools-for-stm32.7-2018-q2-update.win32_1.0.0.201904181610/tools/bin/../lib/gcc/arm-none-eabi/7.3.1/thumb/v6-m/crtbegin.o

.rodata         0x0000000008006c4c      0x120
                0x0000000008006c4c                . = ALIGN (0x4)
 *(.rodata)
 .rodata        0x0000000008006c4c       0x20 Drivers/STM32F0xx_HAL_Driver/Src/stm32f0xx_hal_rcc.o
 .rodata        0x0000000008006c6c       0x5d USB_DEVICE/App/usbd_desc.o
 *(.rodata*)
 *fill*         0x0000000008006cc9        0x3 
 .rodata.AHBPrescTable
                0x0000000008006ccc       0x10 Core/Src/system_stm32f0xx.o
                0x0000000008006ccc                AHBPrescTable
 .rodata.USBD_CUSTOM_HID_Setup
                0x0000000008006cdc       0x30 Middlewares/ST/STM32_USB_Device_Library/Class/CustomHID/Src/usbd_customhid.o
 .rodata.USBD_StdDevReq
                0x0000000008006d0c       0x28 Middlewares/ST/STM32_USB_Device_Library/Core/Src/usbd_ctlreq.o
 .rodata.USBD_GetDescriptor
                0x0000000008006d34       0x38 Middlewares/ST/STM32_USB_Device_Library/Core/Src/usbd_ctlreq.o
                0x0000000008006d6c                . = ALIGN (0x4)

.rel.dyn        0x0000000008006d6c        0x0
 .rel.iplt      0x0000000008006d6c        0x0 c:/st/stm32cubeide_1.1.0/stm32cubeide/plugins/com.st.stm32cube.ide.mcu.externaltools.gnu-tools-for-stm32.7-2018-q2-update.win32_1.0.0.201904181610/tools/bin/../lib/gcc/arm-none-eabi/7.3.1/thumb/v6-m/crtbegin.o

.ARM.extab      0x0000000008006d6c        0x0
                0x0000000008006d6c                . = ALIGN (0x4)
 *(.ARM.extab* .gnu.linkonce.armextab.*)
                0x0000000008006d6c                . = ALIGN (0x4)

.ARM            0x0000000008006d6c        0x0
                0x0000000008006d6c                . = ALIGN (0x4)
                0x0000000008006d6c                __exidx_start = .
 *(.ARM.exidx*)
                0x0000000008006d6c                __exidx_end = .
                0x0000000008006d6c                . = ALIGN (0x4)

.preinit_array  0x0000000008006d6c        0x0
                0x0000000008006d6c                . = ALIGN (0x4)
                0x0000000008006d6c                PROVIDE (__preinit_array_start = .)
 *(.preinit_array*)
                0x0000000008006d6c                PROVIDE (__preinit_array_end = .)
                0x0000000008006d6c                . = ALIGN (0x4)

.init_array     0x0000000008006d6c        0x4
                0x0000000008006d6c                . = ALIGN (0x4)
                0x0000000008006d6c                PROVIDE (__init_array_start = .)
 *(SORT_BY_NAME(.init_array.*))
 *(.init_array*)
 .init_array    0x0000000008006d6c        0x4 c:/st/stm32cubeide_1.1.0/stm32cubeide/plugins/com.st.stm32cube.ide.mcu.externaltools.gnu-tools-for-stm32.7-2018-q2-update.win32_1.0.0.201904181610/tools/bin/../lib/gcc/arm-none-eabi/7.3.1/thumb/v6-m/crtbegin.o
                0x0000000008006d70                PROVIDE (__init_array_end = .)
                0x0000000008006d70                . = ALIGN (0x4)

.fini_array     0x0000000008006d70        0x4
                0x0000000008006d70                . = ALIGN (0x4)
                [!provide]                        PROVIDE (__fini_array_start = .)
 *(SORT_BY_NAME(.fini_array.*))
 *(.fini_array*)
 .fini_array    0x0000000008006d70        0x4 c:/st/stm32cubeide_1.1.0/stm32cubeide/plugins/com.st.stm32cube.ide.mcu.externaltools.gnu-tools-for-stm32.7-2018-q2-update.win32_1.0.0.201904181610/tools/bin/../lib/gcc/arm-none-eabi/7.3.1/thumb/v6-m/crtbegin.o
                [!provide]                        PROVIDE (__fini_array_end = .)
                0x0000000008006d74                . = ALIGN (0x4)
                0x0000000008006d74                _sidata = LOADADDR (.data)

.data           0x0000000020000000      0x164 load address 0x0000000008006d74
                0x0000000020000000                . = ALIGN (0x4)
                0x0000000020000000                _sdata = .
 *(.data)
 *(.data*)
 .data.SystemCoreClock
                0x0000000020000000        0x4 Core/Src/system_stm32f0xx.o
                0x0000000020000000                SystemCoreClock
 .data.uwTickPrio
                0x0000000020000004        0x4 Drivers/STM32F0xx_HAL_Driver/Src/stm32f0xx_hal.o
                0x0000000020000004                uwTickPrio
 .data.uwTickFreq
                0x0000000020000008        0x1 Drivers/STM32F0xx_HAL_Driver/Src/stm32f0xx_hal.o
                0x0000000020000008                uwTickFreq
 *fill*         0x0000000020000009        0x3 
 .data.USBD_CUSTOM_HID
                0x000000002000000c       0x38 Middlewares/ST/STM32_USB_Device_Library/Class/CustomHID/Src/usbd_customhid.o
                0x000000002000000c                USBD_CUSTOM_HID
 .data.USBD_CUSTOM_HID_CfgFSDesc
                0x0000000020000044       0x29 Middlewares/ST/STM32_USB_Device_Library/Class/CustomHID/Src/usbd_customhid.o
 *fill*         0x000000002000006d        0x3 
 .data.USBD_CUSTOM_HID_CfgHSDesc
                0x0000000020000070       0x29 Middlewares/ST/STM32_USB_Device_Library/Class/CustomHID/Src/usbd_customhid.o
 *fill*         0x0000000020000099        0x3 
 .data.USBD_CUSTOM_HID_OtherSpeedCfgDesc
                0x000000002000009c       0x29 Middlewares/ST/STM32_USB_Device_Library/Class/CustomHID/Src/usbd_customhid.o
 *fill*         0x00000000200000c5        0x3 
 .data.USBD_CUSTOM_HID_Desc
                0x00000000200000c8        0x9 Middlewares/ST/STM32_USB_Device_Library/Class/CustomHID/Src/usbd_customhid.o
 *fill*         0x00000000200000d1        0x3 
 .data.USBD_CUSTOM_HID_DeviceQualifierDesc
                0x00000000200000d4        0xa Middlewares/ST/STM32_USB_Device_Library/Class/CustomHID/Src/usbd_customhid.o
 *fill*         0x00000000200000de        0x2 
 .data.CUSTOM_HID_ReportDesc_FS
                0x00000000200000e0       0x21 USB_DEVICE/App/usbd_custom_hid_if.o
 *fill*         0x0000000020000101        0x3 
 .data.USBD_CustomHID_fops_FS
                0x0000000020000104       0x10 USB_DEVICE/App/usbd_custom_hid_if.o
                0x0000000020000104                USBD_CustomHID_fops_FS
 .data.FS_Desc  0x0000000020000114       0x1c USB_DEVICE/App/usbd_desc.o
                0x0000000020000114                FS_Desc
 .data.USBD_FS_DeviceDesc
                0x0000000020000130       0x12 USB_DEVICE/App/usbd_desc.o
                0x0000000020000130                USBD_FS_DeviceDesc
 *fill*         0x0000000020000142        0x2 
 .data.USBD_LangIDDesc
                0x0000000020000144        0x4 USB_DEVICE/App/usbd_desc.o
                0x0000000020000144                USBD_LangIDDesc
 .data.USBD_StringSerial
                0x0000000020000148       0x1a USB_DEVICE/App/usbd_desc.o
                0x0000000020000148                USBD_StringSerial
                0x0000000020000164                . = ALIGN (0x4)
 *fill*         0x0000000020000162        0x2 
                0x0000000020000164                _edata = .

.igot.plt       0x0000000020000164        0x0 load address 0x0000000008006ed8
 .igot.plt      0x0000000020000164        0x0 c:/st/stm32cubeide_1.1.0/stm32cubeide/plugins/com.st.stm32cube.ide.mcu.externaltools.gnu-tools-for-stm32.7-2018-q2-update.win32_1.0.0.201904181610/tools/bin/../lib/gcc/arm-none-eabi/7.3.1/thumb/v6-m/crtbegin.o
                0x0000000020000164                . = ALIGN (0x4)

.bss            0x0000000020000164      0x958 load address 0x0000000008006ed8
                0x0000000020000164                _sbss = .
                0x0000000020000164                __bss_start__ = _sbss
 *(.bss)
 .bss           0x0000000020000164       0x1c c:/st/stm32cubeide_1.1.0/stm32cubeide/plugins/com.st.stm32cube.ide.mcu.externaltools.gnu-tools-for-stm32.7-2018-q2-update.win32_1.0.0.201904181610/tools/bin/../lib/gcc/arm-none-eabi/7.3.1/thumb/v6-m/crtbegin.o
 *(.bss*)
 .bss.payload_1
                0x0000000020000180       0x38 Core/Src/driver_user_if.o
 .bss.payload_2
                0x00000000200001b8       0x38 Core/Src/driver_user_if.o
 .bss.can_tx_complete
                0x00000000200001f0        0x1 Core/Src/driver_user_if.o
 *fill*         0x00000000200001f1        0x3 
 .bss.sFilterConfig
                0x00000000200001f4       0x28 Core/Src/driver_user_if.o
 .bss.can_tx_hd
                0x000000002000021c       0x18 Core/Src/driver_user_if.o
 .bss.can_rx_hd
                0x0000000020000234       0x1c Core/Src/driver_user_if.o
 .bss.messagebox
                0x0000000020000250        0x4 Core/Src/driver_user_if.o
 .bss.cfgidx.7941
                0x0000000020000254        0x1 Middlewares/ST/STM32_USB_Device_Library/Core/Src/usbd_ctlreq.o
 *fill*         0x0000000020000255        0x3 
 .bss.mem.7995  0x0000000020000258       0x58 USB_DEVICE/Target/usbd_conf.o
 *(COMMON)
 COMMON         0x00000000200002b0       0xa4 Core/Src/driver_user_if.o
                0x00000000200002b0                can_rx_buf
                0x00000000200002c0                usb_tx_buf
                0x0000000020000300                can_tx_buf
                0x0000000020000310                g_usb_rx_complete
                0x0000000020000314                usb_rx_buf
 COMMON         0x0000000020000354       0x29 Core/Src/main.o
                0x0000000020000354                hcan
                0x000000002000037c                i
 *fill*         0x000000002000037d        0x3 
 COMMON         0x0000000020000380        0x4 Drivers/STM32F0xx_HAL_Driver/Src/stm32f0xx_hal.o
                0x0000000020000380                uwTick
 COMMON         0x0000000020000384      0x2c4 USB_DEVICE/App/usb_device.o
                0x0000000020000384                hUsbDeviceFS
 COMMON         0x0000000020000648      0x200 USB_DEVICE/App/usbd_desc.o
                0x0000000020000648                USBD_StrDesc
 COMMON         0x0000000020000848      0x274 USB_DEVICE/Target/usbd_conf.o
                0x0000000020000848                hpcd_USB_FS
                0x0000000020000abc                . = ALIGN (0x4)
                0x0000000020000abc                _ebss = .
                0x0000000020000abc                __bss_end__ = _ebss

._user_heap_stack
                0x0000000020000abc      0x604 load address 0x0000000008006ed8
                0x0000000020000ac0                . = ALIGN (0x8)
 *fill*         0x0000000020000abc        0x4 
                0x0000000020000ac0                PROVIDE (end = .)
                [!provide]                        PROVIDE (_end = .)
                0x0000000020000cc0                . = (. + _Min_Heap_Size)
 *fill*         0x0000000020000ac0      0x200 
                0x00000000200010c0                . = (. + _Min_Stack_Size)
 *fill*         0x0000000020000cc0      0x400 
                0x00000000200010c0                . = ALIGN (0x8)

/DISCARD/
 libc.a(*)
 libm.a(*)
 libgcc.a(*)

.ARM.attributes
                0x0000000000000000       0x28
 *(.ARM.attributes)
 .ARM.attributes
                0x0000000000000000       0x1e c:/st/stm32cubeide_1.1.0/stm32cubeide/plugins/com.st.stm32cube.ide.mcu.externaltools.gnu-tools-for-stm32.7-2018-q2-update.win32_1.0.0.201904181610/tools/bin/../lib/gcc/arm-none-eabi/7.3.1/thumb/v6-m/crti.o
 .ARM.attributes
                0x000000000000001e       0x2c c:/st/stm32cubeide_1.1.0/stm32cubeide/plugins/com.st.stm32cube.ide.mcu.externaltools.gnu-tools-for-stm32.7-2018-q2-update.win32_1.0.0.201904181610/tools/bin/../lib/gcc/arm-none-eabi/7.3.1/thumb/v6-m/crtbegin.o
 .ARM.attributes
                0x000000000000004a       0x31 Core/Src/downloader.o
 .ARM.attributes
                0x000000000000007b       0x31 Core/Src/driver_user_if.o
 .ARM.attributes
                0x00000000000000ac       0x31 Core/Src/main.o
 .ARM.attributes
                0x00000000000000dd       0x31 Core/Src/stm32f0xx_hal_msp.o
 .ARM.attributes
                0x000000000000010e       0x31 Core/Src/stm32f0xx_it.o
 .ARM.attributes
                0x000000000000013f       0x31 Core/Src/system_stm32f0xx.o
 .ARM.attributes
                0x0000000000000170       0x21 Core/Startup/startup_stm32f072rbtx.o
 .ARM.attributes
                0x0000000000000191       0x31 Drivers/STM32F0xx_HAL_Driver/Src/stm32f0xx_hal.o
 .ARM.attributes
                0x00000000000001c2       0x31 Drivers/STM32F0xx_HAL_Driver/Src/stm32f0xx_hal_can.o
 .ARM.attributes
                0x00000000000001f3       0x31 Drivers/STM32F0xx_HAL_Driver/Src/stm32f0xx_hal_cortex.o
 .ARM.attributes
                0x0000000000000224       0x31 Drivers/STM32F0xx_HAL_Driver/Src/stm32f0xx_hal_gpio.o
 .ARM.attributes
                0x0000000000000255       0x31 Drivers/STM32F0xx_HAL_Driver/Src/stm32f0xx_hal_pcd.o
 .ARM.attributes
                0x0000000000000286       0x31 Drivers/STM32F0xx_HAL_Driver/Src/stm32f0xx_hal_pcd_ex.o
 .ARM.attributes
                0x00000000000002b7       0x31 Drivers/STM32F0xx_HAL_Driver/Src/stm32f0xx_hal_rcc.o
 .ARM.attributes
                0x00000000000002e8       0x31 Drivers/STM32F0xx_HAL_Driver/Src/stm32f0xx_hal_rcc_ex.o
 .ARM.attributes
                0x0000000000000319       0x31 Drivers/STM32F0xx_HAL_Driver/Src/stm32f0xx_ll_usb.o
 .ARM.attributes
                0x000000000000034a       0x31 Middlewares/ST/STM32_USB_Device_Library/Class/CustomHID/Src/usbd_customhid.o
 .ARM.attributes
                0x000000000000037b       0x31 Middlewares/ST/STM32_USB_Device_Library/Core/Src/usbd_core.o
 .ARM.attributes
                0x00000000000003ac       0x31 Middlewares/ST/STM32_USB_Device_Library/Core/Src/usbd_ctlreq.o
 .ARM.attributes
                0x00000000000003dd       0x31 Middlewares/ST/STM32_USB_Device_Library/Core/Src/usbd_ioreq.o
 .ARM.attributes
                0x000000000000040e       0x31 USB_DEVICE/App/usb_device.o
 .ARM.attributes
                0x000000000000043f       0x31 USB_DEVICE/App/usbd_custom_hid_if.o
 .ARM.attributes
                0x0000000000000470       0x31 USB_DEVICE/App/usbd_desc.o
 .ARM.attributes
                0x00000000000004a1       0x31 USB_DEVICE/Target/usbd_conf.o
 .ARM.attributes
                0x00000000000004d2       0x2c c:/st/stm32cubeide_1.1.0/stm32cubeide/plugins/com.st.stm32cube.ide.mcu.externaltools.gnu-tools-for-stm32.7-2018-q2-update.win32_1.0.0.201904181610/tools/bin/../lib/gcc/arm-none-eabi/7.3.1/../../../../arm-none-eabi/lib/thumb/v6-m\libc_nano.a(lib_a-init.o)
 .ARM.attributes
                0x00000000000004fe       0x2c c:/st/stm32cubeide_1.1.0/stm32cubeide/plugins/com.st.stm32cube.ide.mcu.externaltools.gnu-tools-for-stm32.7-2018-q2-update.win32_1.0.0.201904181610/tools/bin/../lib/gcc/arm-none-eabi/7.3.1/../../../../arm-none-eabi/lib/thumb/v6-m\libc_nano.a(lib_a-memcpy-stub.o)
 .ARM.attributes
                0x000000000000052a       0x2c c:/st/stm32cubeide_1.1.0/stm32cubeide/plugins/com.st.stm32cube.ide.mcu.externaltools.gnu-tools-for-stm32.7-2018-q2-update.win32_1.0.0.201904181610/tools/bin/../lib/gcc/arm-none-eabi/7.3.1/../../../../arm-none-eabi/lib/thumb/v6-m\libc_nano.a(lib_a-memset.o)
 .ARM.attributes
                0x0000000000000556       0x1e c:/st/stm32cubeide_1.1.0/stm32cubeide/plugins/com.st.stm32cube.ide.mcu.externaltools.gnu-tools-for-stm32.7-2018-q2-update.win32_1.0.0.201904181610/tools/bin/../lib/gcc/arm-none-eabi/7.3.1/thumb/v6-m\libgcc.a(_udivsi3.o)
 .ARM.attributes
                0x0000000000000574       0x1e c:/st/stm32cubeide_1.1.0/stm32cubeide/plugins/com.st.stm32cube.ide.mcu.externaltools.gnu-tools-for-stm32.7-2018-q2-update.win32_1.0.0.201904181610/tools/bin/../lib/gcc/arm-none-eabi/7.3.1/thumb/v6-m\libgcc.a(_dvmd_tls.o)
 .ARM.attributes
                0x0000000000000592       0x1e c:/st/stm32cubeide_1.1.0/stm32cubeide/plugins/com.st.stm32cube.ide.mcu.externaltools.gnu-tools-for-stm32.7-2018-q2-update.win32_1.0.0.201904181610/tools/bin/../lib/gcc/arm-none-eabi/7.3.1/thumb/v6-m/crtn.o
OUTPUT(usb_can_downloader.elf elf32-littlearm)

.debug_info     0x0000000000000000    0x1490b
 .debug_info    0x0000000000000000      0xa84 Core/Src/downloader.o
 .debug_info    0x0000000000000a84     0x158b Core/Src/driver_user_if.o
 .debug_info    0x000000000000200f     0x114b Core/Src/main.o
 .debug_info    0x000000000000315a     0x118d Core/Src/stm32f0xx_hal_msp.o
 .debug_info    0x00000000000042e7     0x130b Core/Src/stm32f0xx_it.o
 .debug_info    0x00000000000055f2      0x29e Core/Src/system_stm32f0xx.o
 .debug_info    0x0000000000005890       0x22 Core/Startup/startup_stm32f072rbtx.o
 .debug_info    0x00000000000058b2      0x6c0 Drivers/STM32F0xx_HAL_Driver/Src/stm32f0xx_hal.o
 .debug_info    0x0000000000005f72      0xf1e Drivers/STM32F0xx_HAL_Driver/Src/stm32f0xx_hal_can.o
 .debug_info    0x0000000000006e90      0x78c Drivers/STM32F0xx_HAL_Driver/Src/stm32f0xx_hal_cortex.o
 .debug_info    0x000000000000761c      0x67a Drivers/STM32F0xx_HAL_Driver/Src/stm32f0xx_hal_gpio.o
 .debug_info    0x0000000000007c96      0xe67 Drivers/STM32F0xx_HAL_Driver/Src/stm32f0xx_hal_pcd.o
 .debug_info    0x0000000000008afd      0x880 Drivers/STM32F0xx_HAL_Driver/Src/stm32f0xx_hal_pcd_ex.o
 .debug_info    0x000000000000937d      0x82d Drivers/STM32F0xx_HAL_Driver/Src/stm32f0xx_hal_rcc.o
 .debug_info    0x0000000000009baa      0x677 Drivers/STM32F0xx_HAL_Driver/Src/stm32f0xx_hal_rcc_ex.o
 .debug_info    0x000000000000a221     0x1508 Drivers/STM32F0xx_HAL_Driver/Src/stm32f0xx_ll_usb.o
 .debug_info    0x000000000000b729     0x1329 Middlewares/ST/STM32_USB_Device_Library/Class/CustomHID/Src/usbd_customhid.o
 .debug_info    0x000000000000ca52     0x12a0 Middlewares/ST/STM32_USB_Device_Library/Core/Src/usbd_core.o
 .debug_info    0x000000000000dcf2     0x1210 Middlewares/ST/STM32_USB_Device_Library/Core/Src/usbd_ctlreq.o
 .debug_info    0x000000000000ef02     0x1001 Middlewares/ST/STM32_USB_Device_Library/Core/Src/usbd_ioreq.o
 .debug_info    0x000000000000ff03      0xf24 USB_DEVICE/App/usb_device.o
 .debug_info    0x0000000000010e27      0xf91 USB_DEVICE/App/usbd_custom_hid_if.o
 .debug_info    0x0000000000011db8      0xde5 USB_DEVICE/App/usbd_desc.o
 .debug_info    0x0000000000012b9d     0x1d6e USB_DEVICE/Target/usbd_conf.o

.debug_abbrev   0x0000000000000000     0x30e4
 .debug_abbrev  0x0000000000000000      0x1b8 Core/Src/downloader.o
 .debug_abbrev  0x00000000000001b8      0x260 Core/Src/driver_user_if.o
 .debug_abbrev  0x0000000000000418      0x272 Core/Src/main.o
 .debug_abbrev  0x000000000000068a      0x220 Core/Src/stm32f0xx_hal_msp.o
 .debug_abbrev  0x00000000000008aa      0x1e3 Core/Src/stm32f0xx_it.o
 .debug_abbrev  0x0000000000000a8d      0x12b Core/Src/system_stm32f0xx.o
 .debug_abbrev  0x0000000000000bb8       0x12 Core/Startup/startup_stm32f072rbtx.o
 .debug_abbrev  0x0000000000000bca      0x1c7 Drivers/STM32F0xx_HAL_Driver/Src/stm32f0xx_hal.o
 .debug_abbrev  0x0000000000000d91      0x1b7 Drivers/STM32F0xx_HAL_Driver/Src/stm32f0xx_hal_can.o
 .debug_abbrev  0x0000000000000f48      0x273 Drivers/STM32F0xx_HAL_Driver/Src/stm32f0xx_hal_cortex.o
 .debug_abbrev  0x00000000000011bb      0x1c0 Drivers/STM32F0xx_HAL_Driver/Src/stm32f0xx_hal_gpio.o
 .debug_abbrev  0x000000000000137b      0x27d Drivers/STM32F0xx_HAL_Driver/Src/stm32f0xx_hal_pcd.o
 .debug_abbrev  0x00000000000015f8      0x1eb Drivers/STM32F0xx_HAL_Driver/Src/stm32f0xx_hal_pcd_ex.o
 .debug_abbrev  0x00000000000017e3      0x20f Drivers/STM32F0xx_HAL_Driver/Src/stm32f0xx_hal_rcc.o
 .debug_abbrev  0x00000000000019f2      0x1a7 Drivers/STM32F0xx_HAL_Driver/Src/stm32f0xx_hal_rcc_ex.o
 .debug_abbrev  0x0000000000001b99      0x239 Drivers/STM32F0xx_HAL_Driver/Src/stm32f0xx_ll_usb.o
 .debug_abbrev  0x0000000000001dd2      0x293 Middlewares/ST/STM32_USB_Device_Library/Class/CustomHID/Src/usbd_customhid.o
 .debug_abbrev  0x0000000000002065      0x27d Middlewares/ST/STM32_USB_Device_Library/Core/Src/usbd_core.o
 .debug_abbrev  0x00000000000022e2      0x2ad Middlewares/ST/STM32_USB_Device_Library/Core/Src/usbd_ctlreq.o
 .debug_abbrev  0x000000000000258f      0x1ed Middlewares/ST/STM32_USB_Device_Library/Core/Src/usbd_ioreq.o
 .debug_abbrev  0x000000000000277c      0x1cb USB_DEVICE/App/usb_device.o
 .debug_abbrev  0x0000000000002947      0x202 USB_DEVICE/App/usbd_custom_hid_if.o
 .debug_abbrev  0x0000000000002b49      0x29d USB_DEVICE/App/usbd_desc.o
 .debug_abbrev  0x0000000000002de6      0x2fe USB_DEVICE/Target/usbd_conf.o

.debug_aranges  0x0000000000000000      0xbf8
 .debug_aranges
                0x0000000000000000       0x28 Core/Src/downloader.o
 .debug_aranges
                0x0000000000000028       0x58 Core/Src/driver_user_if.o
 .debug_aranges
                0x0000000000000080       0x40 Core/Src/main.o
 .debug_aranges
                0x00000000000000c0       0x30 Core/Src/stm32f0xx_hal_msp.o
 .debug_aranges
                0x00000000000000f0       0x50 Core/Src/stm32f0xx_it.o
 .debug_aranges
                0x0000000000000140       0x28 Core/Src/system_stm32f0xx.o
 .debug_aranges
                0x0000000000000168       0x28 Core/Startup/startup_stm32f072rbtx.o
 .debug_aranges
                0x0000000000000190       0xd0 Drivers/STM32F0xx_HAL_Driver/Src/stm32f0xx_hal.o
 .debug_aranges
                0x0000000000000260      0x138 Drivers/STM32F0xx_HAL_Driver/Src/stm32f0xx_hal_can.o
 .debug_aranges
                0x0000000000000398       0xc0 Drivers/STM32F0xx_HAL_Driver/Src/stm32f0xx_hal_cortex.o
 .debug_aranges
                0x0000000000000458       0x58 Drivers/STM32F0xx_HAL_Driver/Src/stm32f0xx_hal_gpio.o
 .debug_aranges
                0x00000000000004b0      0x120 Drivers/STM32F0xx_HAL_Driver/Src/stm32f0xx_hal_pcd.o
 .debug_aranges
                0x00000000000005d0       0x58 Drivers/STM32F0xx_HAL_Driver/Src/stm32f0xx_hal_pcd_ex.o
 .debug_aranges
                0x0000000000000628       0x80 Drivers/STM32F0xx_HAL_Driver/Src/stm32f0xx_hal_rcc.o
 .debug_aranges
                0x00000000000006a8       0x78 Drivers/STM32F0xx_HAL_Driver/Src/stm32f0xx_hal_rcc_ex.o
 .debug_aranges
                0x0000000000000720      0x108 Drivers/STM32F0xx_HAL_Driver/Src/stm32f0xx_ll_usb.o
 .debug_aranges
                0x0000000000000828       0x78 Middlewares/ST/STM32_USB_Device_Library/Class/CustomHID/Src/usbd_customhid.o
 .debug_aranges
                0x00000000000008a0       0xb8 Middlewares/ST/STM32_USB_Device_Library/Core/Src/usbd_core.o
 .debug_aranges
                0x0000000000000958       0x88 Middlewares/ST/STM32_USB_Device_Library/Core/Src/usbd_ctlreq.o
 .debug_aranges
                0x00000000000009e0       0x50 Middlewares/ST/STM32_USB_Device_Library/Core/Src/usbd_ioreq.o
 .debug_aranges
                0x0000000000000a30       0x20 USB_DEVICE/App/usb_device.o
 .debug_aranges
                0x0000000000000a50       0x30 USB_DEVICE/App/usbd_custom_hid_if.o
 .debug_aranges
                0x0000000000000a80       0x60 USB_DEVICE/App/usbd_desc.o
 .debug_aranges
                0x0000000000000ae0      0x118 USB_DEVICE/Target/usbd_conf.o

.debug_ranges   0x0000000000000000      0xa80
 .debug_ranges  0x0000000000000000       0x18 Core/Src/downloader.o
 .debug_ranges  0x0000000000000018       0x48 Core/Src/driver_user_if.o
 .debug_ranges  0x0000000000000060       0x30 Core/Src/main.o
 .debug_ranges  0x0000000000000090       0x20 Core/Src/stm32f0xx_hal_msp.o
 .debug_ranges  0x00000000000000b0       0x40 Core/Src/stm32f0xx_it.o
 .debug_ranges  0x00000000000000f0       0x18 Core/Src/system_stm32f0xx.o
 .debug_ranges  0x0000000000000108       0x20 Core/Startup/startup_stm32f072rbtx.o
 .debug_ranges  0x0000000000000128       0xc0 Drivers/STM32F0xx_HAL_Driver/Src/stm32f0xx_hal.o
 .debug_ranges  0x00000000000001e8      0x128 Drivers/STM32F0xx_HAL_Driver/Src/stm32f0xx_hal_can.o
 .debug_ranges  0x0000000000000310       0xb0 Drivers/STM32F0xx_HAL_Driver/Src/stm32f0xx_hal_cortex.o
 .debug_ranges  0x00000000000003c0       0x48 Drivers/STM32F0xx_HAL_Driver/Src/stm32f0xx_hal_gpio.o
 .debug_ranges  0x0000000000000408      0x110 Drivers/STM32F0xx_HAL_Driver/Src/stm32f0xx_hal_pcd.o
 .debug_ranges  0x0000000000000518       0x48 Drivers/STM32F0xx_HAL_Driver/Src/stm32f0xx_hal_pcd_ex.o
 .debug_ranges  0x0000000000000560       0x70 Drivers/STM32F0xx_HAL_Driver/Src/stm32f0xx_hal_rcc.o
 .debug_ranges  0x00000000000005d0       0x68 Drivers/STM32F0xx_HAL_Driver/Src/stm32f0xx_hal_rcc_ex.o
 .debug_ranges  0x0000000000000638       0xf8 Drivers/STM32F0xx_HAL_Driver/Src/stm32f0xx_ll_usb.o
 .debug_ranges  0x0000000000000730       0x68 Middlewares/ST/STM32_USB_Device_Library/Class/CustomHID/Src/usbd_customhid.o
 .debug_ranges  0x0000000000000798       0xa8 Middlewares/ST/STM32_USB_Device_Library/Core/Src/usbd_core.o
 .debug_ranges  0x0000000000000840       0x78 Middlewares/ST/STM32_USB_Device_Library/Core/Src/usbd_ctlreq.o
 .debug_ranges  0x00000000000008b8       0x40 Middlewares/ST/STM32_USB_Device_Library/Core/Src/usbd_ioreq.o
 .debug_ranges  0x00000000000008f8       0x10 USB_DEVICE/App/usb_device.o
 .debug_ranges  0x0000000000000908       0x20 USB_DEVICE/App/usbd_custom_hid_if.o
 .debug_ranges  0x0000000000000928       0x50 USB_DEVICE/App/usbd_desc.o
 .debug_ranges  0x0000000000000978      0x108 USB_DEVICE/Target/usbd_conf.o

.debug_macro    0x0000000000000000    0x19250
 .debug_macro   0x0000000000000000      0x3c8 Core/Src/downloader.o
 .debug_macro   0x00000000000003c8      0xa48 Core/Src/downloader.o
 .debug_macro   0x0000000000000e10      0x133 Core/Src/downloader.o
 .debug_macro   0x0000000000000f43       0x2e Core/Src/downloader.o
 .debug_macro   0x0000000000000f71       0x22 Core/Src/downloader.o
 .debug_macro   0x0000000000000f93       0x22 Core/Src/downloader.o
 .debug_macro   0x0000000000000fb5       0x8e Core/Src/downloader.o
 .debug_macro   0x0000000000001043       0x51 Core/Src/downloader.o
 .debug_macro   0x0000000000001094       0xef Core/Src/downloader.o
 .debug_macro   0x0000000000001183       0x6a Core/Src/downloader.o
 .debug_macro   0x00000000000011ed      0x1df Core/Src/downloader.o
 .debug_macro   0x00000000000013cc       0x1c Core/Src/downloader.o
 .debug_macro   0x00000000000013e8       0x22 Core/Src/downloader.o
 .debug_macro   0x000000000000140a       0xb5 Core/Src/downloader.o
 .debug_macro   0x00000000000014bf      0x391 Core/Src/downloader.o
 .debug_macro   0x0000000000001850     0xfe50 Core/Src/downloader.o
 .debug_macro   0x00000000000116a0       0x3c Core/Src/downloader.o
 .debug_macro   0x00000000000116dc      0x174 Core/Src/downloader.o
 .debug_macro   0x0000000000011850       0x53 Core/Src/downloader.o
 .debug_macro   0x00000000000118a3      0x946 Core/Src/downloader.o
 .debug_macro   0x00000000000121e9      0x5f3 Core/Src/downloader.o
 .debug_macro   0x00000000000127dc      0x12f Core/Src/downloader.o
 .debug_macro   0x000000000001290b      0x1a7 Core/Src/downloader.o
 .debug_macro   0x0000000000012ab2      0x1a7 Core/Src/downloader.o
 .debug_macro   0x0000000000012c59      0x22c Core/Src/downloader.o
 .debug_macro   0x0000000000012e85       0x34 Core/Src/downloader.o
 .debug_macro   0x0000000000012eb9       0x43 Core/Src/downloader.o
 .debug_macro   0x0000000000012efc       0x28 Core/Src/downloader.o
 .debug_macro   0x0000000000012f24      0x408 Core/Src/downloader.o
 .debug_macro   0x000000000001332c       0xb0 Core/Src/downloader.o
 .debug_macro   0x00000000000133dc      0x217 Core/Src/downloader.o
 .debug_macro   0x00000000000135f3      0x22c Core/Src/downloader.o
 .debug_macro   0x000000000001381f       0x5f Core/Src/downloader.o
 .debug_macro   0x000000000001387e       0xa5 Core/Src/downloader.o
 .debug_macro   0x0000000000013923       0x65 Core/Src/downloader.o
 .debug_macro   0x0000000000013988      0x234 Core/Src/downloader.o
 .debug_macro   0x0000000000013bbc       0x4c Core/Src/downloader.o
 .debug_macro   0x0000000000013c08      0x16d Core/Src/downloader.o
 .debug_macro   0x0000000000013d75      0x130 Core/Src/downloader.o
 .debug_macro   0x0000000000013ea5       0x46 Core/Src/downloader.o
 .debug_macro   0x0000000000013eeb       0x18 Core/Src/downloader.o
 .debug_macro   0x0000000000013f03       0x3c Core/Src/downloader.o
 .debug_macro   0x0000000000013f3f       0x34 Core/Src/downloader.o
 .debug_macro   0x0000000000013f73       0x16 Core/Src/downloader.o
 .debug_macro   0x0000000000013f89       0x35 Core/Src/downloader.o
 .debug_macro   0x0000000000013fbe      0x32a Core/Src/downloader.o
 .debug_macro   0x00000000000142e8       0x10 Core/Src/downloader.o
 .debug_macro   0x00000000000142f8       0x52 Core/Src/downloader.o
 .debug_macro   0x000000000001434a       0x1f Core/Src/downloader.o
 .debug_macro   0x0000000000014369       0x43 Core/Src/downloader.o
 .debug_macro   0x00000000000143ac       0x20 Core/Src/downloader.o
 .debug_macro   0x00000000000143cc      0x1a3 Core/Src/downloader.o
 .debug_macro   0x000000000001456f       0x10 Core/Src/downloader.o
 .debug_macro   0x000000000001457f       0x1c Core/Src/downloader.o
 .debug_macro   0x000000000001459b       0x52 Core/Src/downloader.o
 .debug_macro   0x00000000000145ed       0x40 Core/Src/downloader.o
 .debug_macro   0x000000000001462d       0x10 Core/Src/downloader.o
 .debug_macro   0x000000000001463d       0x40 Core/Src/downloader.o
 .debug_macro   0x000000000001467d       0xd7 Core/Src/downloader.o
 .debug_macro   0x0000000000014754       0x1c Core/Src/downloader.o
 .debug_macro   0x0000000000014770       0x3d Core/Src/downloader.o
 .debug_macro   0x00000000000147ad       0x16 Core/Src/downloader.o
 .debug_macro   0x00000000000147c3      0x145 Core/Src/downloader.o
 .debug_macro   0x0000000000014908       0x16 Core/Src/downloader.o
 .debug_macro   0x000000000001491e       0x16 Core/Src/downloader.o
 .debug_macro   0x0000000000014934       0x29 Core/Src/downloader.o
 .debug_macro   0x000000000001495d       0x16 Core/Src/downloader.o
 .debug_macro   0x0000000000014973       0x20 Core/Src/downloader.o
 .debug_macro   0x0000000000014993       0x6b Core/Src/downloader.o
 .debug_macro   0x00000000000149fe      0x1c8 Core/Src/downloader.o
 .debug_macro   0x0000000000014bc6       0x22 Core/Src/downloader.o
 .debug_macro   0x0000000000014be8      0x403 Core/Src/driver_user_if.o
 .debug_macro   0x0000000000014feb       0x65 Core/Src/driver_user_if.o
 .debug_macro   0x0000000000015050      0x3c8 Core/Src/main.o
 .debug_macro   0x0000000000015418      0x3c8 Core/Src/stm32f0xx_hal_msp.o
 .debug_macro   0x00000000000157e0      0x3d2 Core/Src/stm32f0xx_it.o
 .debug_macro   0x0000000000015bb2      0x1bf Core/Src/system_stm32f0xx.o
 .debug_macro   0x0000000000015d71      0x1e3 Drivers/STM32F0xx_HAL_Driver/Src/stm32f0xx_hal.o
 .debug_macro   0x0000000000015f54      0x1c7 Drivers/STM32F0xx_HAL_Driver/Src/stm32f0xx_hal_can.o
 .debug_macro   0x000000000001611b      0x1bf Drivers/STM32F0xx_HAL_Driver/Src/stm32f0xx_hal_cortex.o
 .debug_macro   0x00000000000162da      0x1f7 Drivers/STM32F0xx_HAL_Driver/Src/stm32f0xx_hal_gpio.o
 .debug_macro   0x00000000000164d1      0x1cb Drivers/STM32F0xx_HAL_Driver/Src/stm32f0xx_hal_pcd.o
 .debug_macro   0x000000000001669c      0x1bf Drivers/STM32F0xx_HAL_Driver/Src/stm32f0xx_hal_pcd_ex.o
 .debug_macro   0x000000000001685b      0x1d1 Drivers/STM32F0xx_HAL_Driver/Src/stm32f0xx_hal_rcc.o
 .debug_macro   0x0000000000016a2c      0x1d1 Drivers/STM32F0xx_HAL_Driver/Src/stm32f0xx_hal_rcc_ex.o
 .debug_macro   0x0000000000016bfd      0x1bf Drivers/STM32F0xx_HAL_Driver/Src/stm32f0xx_ll_usb.o
 .debug_macro   0x0000000000016dbc      0x3fd Middlewares/ST/STM32_USB_Device_Library/Class/CustomHID/Src/usbd_customhid.o
 .debug_macro   0x00000000000171b9       0x97 Middlewares/ST/STM32_USB_Device_Library/Class/CustomHID/Src/usbd_customhid.o
 .debug_macro   0x0000000000017250       0xfd Middlewares/ST/STM32_USB_Device_Library/Class/CustomHID/Src/usbd_customhid.o
 .debug_macro   0x000000000001734d       0xaf Middlewares/ST/STM32_USB_Device_Library/Class/CustomHID/Src/usbd_customhid.o
 .debug_macro   0x00000000000173fc       0x4d Middlewares/ST/STM32_USB_Device_Library/Class/CustomHID/Src/usbd_customhid.o
 .debug_macro   0x0000000000017449      0x3ee Middlewares/ST/STM32_USB_Device_Library/Core/Src/usbd_core.o
 .debug_macro   0x0000000000017837      0x1da Middlewares/ST/STM32_USB_Device_Library/Core/Src/usbd_core.o
 .debug_macro   0x0000000000017a11      0x3ee Middlewares/ST/STM32_USB_Device_Library/Core/Src/usbd_ctlreq.o
 .debug_macro   0x0000000000017dff      0x3ea Middlewares/ST/STM32_USB_Device_Library/Core/Src/usbd_ioreq.o
 .debug_macro   0x00000000000181e9      0x41a USB_DEVICE/App/usb_device.o
 .debug_macro   0x0000000000018603       0x22 USB_DEVICE/App/usb_device.o
 .debug_macro   0x0000000000018625      0x403 USB_DEVICE/App/usbd_custom_hid_if.o
 .debug_macro   0x0000000000018a28      0x421 USB_DEVICE/App/usbd_desc.o
 .debug_macro   0x0000000000018e49      0x407 USB_DEVICE/Target/usbd_conf.o

.debug_line     0x0000000000000000     0xe55a
 .debug_line    0x0000000000000000      0x982 Core/Src/downloader.o
 .debug_line    0x0000000000000982      0xa92 Core/Src/driver_user_if.o
 .debug_line    0x0000000000001414      0x9d3 Core/Src/main.o
 .debug_line    0x0000000000001de7      0x99c Core/Src/stm32f0xx_hal_msp.o
 .debug_line    0x0000000000002783      0x9e2 Core/Src/stm32f0xx_it.o
 .debug_line    0x0000000000003165      0x6b9 Core/Src/system_stm32f0xx.o
 .debug_line    0x000000000000381e       0x89 Core/Startup/startup_stm32f072rbtx.o
 .debug_line    0x00000000000038a7      0x84c Drivers/STM32F0xx_HAL_Driver/Src/stm32f0xx_hal.o
 .debug_line    0x00000000000040f3      0xb33 Drivers/STM32F0xx_HAL_Driver/Src/stm32f0xx_hal_can.o
 .debug_line    0x0000000000004c26      0x864 Drivers/STM32F0xx_HAL_Driver/Src/stm32f0xx_hal_cortex.o
 .debug_line    0x000000000000548a      0x826 Drivers/STM32F0xx_HAL_Driver/Src/stm32f0xx_hal_gpio.o
 .debug_line    0x0000000000005cb0      0xb42 Drivers/STM32F0xx_HAL_Driver/Src/stm32f0xx_hal_pcd.o
 .debug_line    0x00000000000067f2      0x75d Drivers/STM32F0xx_HAL_Driver/Src/stm32f0xx_hal_pcd_ex.o
 .debug_line    0x0000000000006f4f      0x939 Drivers/STM32F0xx_HAL_Driver/Src/stm32f0xx_hal_rcc.o
 .debug_line    0x0000000000007888      0x8e5 Drivers/STM32F0xx_HAL_Driver/Src/stm32f0xx_hal_rcc_ex.o
 .debug_line    0x000000000000816d      0xb7b Drivers/STM32F0xx_HAL_Driver/Src/stm32f0xx_ll_usb.o
 .debug_line    0x0000000000008ce8      0xb44 Middlewares/ST/STM32_USB_Device_Library/Class/CustomHID/Src/usbd_customhid.o
 .debug_line    0x000000000000982c      0xbcb Middlewares/ST/STM32_USB_Device_Library/Core/Src/usbd_core.o
 .debug_line    0x000000000000a3f7      0xc52 Middlewares/ST/STM32_USB_Device_Library/Core/Src/usbd_ctlreq.o
 .debug_line    0x000000000000b049      0xa34 Middlewares/ST/STM32_USB_Device_Library/Core/Src/usbd_ioreq.o
 .debug_line    0x000000000000ba7d      0xa07 USB_DEVICE/App/usb_device.o
 .debug_line    0x000000000000c484      0xa1e USB_DEVICE/App/usbd_custom_hid_if.o
 .debug_line    0x000000000000cea2      0xa56 USB_DEVICE/App/usbd_desc.o
 .debug_line    0x000000000000d8f8      0xc62 USB_DEVICE/Target/usbd_conf.o

.debug_str      0x0000000000000000    0x7b17a
 .debug_str     0x0000000000000000    0x7785d Core/Src/downloader.o
                                      0x77b14 (size before relaxing)
 .debug_str     0x000000000007785d      0xa5d Core/Src/driver_user_if.o
                                      0x785f8 (size before relaxing)
 .debug_str     0x00000000000782ba      0x279 Core/Src/main.o
                                      0x78022 (size before relaxing)
 .debug_str     0x0000000000078533      0x20a Core/Src/stm32f0xx_hal_msp.o
                                      0x78083 (size before relaxing)
 .debug_str     0x000000000007873d      0x39e Core/Src/stm32f0xx_it.o
                                      0x7814f (size before relaxing)
 .debug_str     0x0000000000078adb       0x5f Core/Src/system_stm32f0xx.o
                                      0x72e7e (size before relaxing)
 .debug_str     0x0000000000078b3a       0x36 Core/Startup/startup_stm32f072rbtx.o
                                         0x73 (size before relaxing)
 .debug_str     0x0000000000078b70      0x388 Drivers/STM32F0xx_HAL_Driver/Src/stm32f0xx_hal.o
                                      0x733ec (size before relaxing)
 .debug_str     0x0000000000078ef8      0x408 Drivers/STM32F0xx_HAL_Driver/Src/stm32f0xx_hal_can.o
                                      0x7366f (size before relaxing)
 .debug_str     0x0000000000079300      0x1ee Drivers/STM32F0xx_HAL_Driver/Src/stm32f0xx_hal_cortex.o
                                      0x732a0 (size before relaxing)
 .debug_str     0x00000000000794ee      0x22f Drivers/STM32F0xx_HAL_Driver/Src/stm32f0xx_hal_gpio.o
                                      0x7311a (size before relaxing)
 .debug_str     0x000000000007971d      0x3c3 Drivers/STM32F0xx_HAL_Driver/Src/stm32f0xx_hal_pcd.o
                                      0x73565 (size before relaxing)
 .debug_str     0x0000000000079ae0      0x1c6 Drivers/STM32F0xx_HAL_Driver/Src/stm32f0xx_hal_pcd_ex.o
                                      0x7338e (size before relaxing)
 .debug_str     0x0000000000079ca6      0x254 Drivers/STM32F0xx_HAL_Driver/Src/stm32f0xx_hal_rcc.o
                                      0x73293 (size before relaxing)
 .debug_str     0x0000000000079efa      0x2ec Drivers/STM32F0xx_HAL_Driver/Src/stm32f0xx_hal_rcc_ex.o
                                      0x73270 (size before relaxing)
 .debug_str     0x000000000007a1e6      0x30f Drivers/STM32F0xx_HAL_Driver/Src/stm32f0xx_ll_usb.o
                                      0x73374 (size before relaxing)
 .debug_str     0x000000000007a4f5      0x34b Middlewares/ST/STM32_USB_Device_Library/Class/CustomHID/Src/usbd_customhid.o
                                      0x78433 (size before relaxing)
 .debug_str     0x000000000007a840      0x203 Middlewares/ST/STM32_USB_Device_Library/Core/Src/usbd_core.o
                                      0x78104 (size before relaxing)
 .debug_str     0x000000000007aa43      0x12f Middlewares/ST/STM32_USB_Device_Library/Core/Src/usbd_ctlreq.o
                                      0x7803c (size before relaxing)
 .debug_str     0x000000000007ab72       0xc9 Middlewares/ST/STM32_USB_Device_Library/Core/Src/usbd_ioreq.o
                                      0x77fc4 (size before relaxing)
 .debug_str     0x000000000007ac3b       0xe6 USB_DEVICE/App/usb_device.o
                                      0x7822e (size before relaxing)
 .debug_str     0x000000000007ad21       0x7f USB_DEVICE/App/usbd_custom_hid_if.o
                                      0x78206 (size before relaxing)
 .debug_str     0x000000000007ada0      0x26d USB_DEVICE/App/usbd_desc.o
                                      0x77f8b (size before relaxing)
 .debug_str     0x000000000007b00d      0x16d USB_DEVICE/Target/usbd_conf.o
                                      0x78a1b (size before relaxing)

.comment        0x0000000000000000       0x7b
 .comment       0x0000000000000000       0x7b Core/Src/downloader.o
                                         0x7c (size before relaxing)
 .comment       0x000000000000007b       0x7c Core/Src/driver_user_if.o
 .comment       0x000000000000007b       0x7c Core/Src/main.o
 .comment       0x000000000000007b       0x7c Core/Src/stm32f0xx_hal_msp.o
 .comment       0x000000000000007b       0x7c Core/Src/stm32f0xx_it.o
 .comment       0x000000000000007b       0x7c Core/Src/system_stm32f0xx.o
 .comment       0x000000000000007b       0x7c Drivers/STM32F0xx_HAL_Driver/Src/stm32f0xx_hal.o
 .comment       0x000000000000007b       0x7c Drivers/STM32F0xx_HAL_Driver/Src/stm32f0xx_hal_can.o
 .comment       0x000000000000007b       0x7c Drivers/STM32F0xx_HAL_Driver/Src/stm32f0xx_hal_cortex.o
 .comment       0x000000000000007b       0x7c Drivers/STM32F0xx_HAL_Driver/Src/stm32f0xx_hal_gpio.o
 .comment       0x000000000000007b       0x7c Drivers/STM32F0xx_HAL_Driver/Src/stm32f0xx_hal_pcd.o
 .comment       0x000000000000007b       0x7c Drivers/STM32F0xx_HAL_Driver/Src/stm32f0xx_hal_pcd_ex.o
 .comment       0x000000000000007b       0x7c Drivers/STM32F0xx_HAL_Driver/Src/stm32f0xx_hal_rcc.o
 .comment       0x000000000000007b       0x7c Drivers/STM32F0xx_HAL_Driver/Src/stm32f0xx_hal_rcc_ex.o
 .comment       0x000000000000007b       0x7c Drivers/STM32F0xx_HAL_Driver/Src/stm32f0xx_ll_usb.o
 .comment       0x000000000000007b       0x7c Middlewares/ST/STM32_USB_Device_Library/Class/CustomHID/Src/usbd_customhid.o
 .comment       0x000000000000007b       0x7c Middlewares/ST/STM32_USB_Device_Library/Core/Src/usbd_core.o
 .comment       0x000000000000007b       0x7c Middlewares/ST/STM32_USB_Device_Library/Core/Src/usbd_ctlreq.o
 .comment       0x000000000000007b       0x7c Middlewares/ST/STM32_USB_Device_Library/Core/Src/usbd_ioreq.o
 .comment       0x000000000000007b       0x7c USB_DEVICE/App/usb_device.o
 .comment       0x000000000000007b       0x7c USB_DEVICE/App/usbd_custom_hid_if.o
 .comment       0x000000000000007b       0x7c USB_DEVICE/App/usbd_desc.o
 .comment       0x000000000000007b       0x7c USB_DEVICE/Target/usbd_conf.o

.debug_frame    0x0000000000000000     0x2818
 .debug_frame   0x0000000000000000       0x48 Core/Src/downloader.o
 .debug_frame   0x0000000000000048      0x108 Core/Src/driver_user_if.o
 .debug_frame   0x0000000000000150       0xa4 Core/Src/main.o
 .debug_frame   0x00000000000001f4       0x70 Core/Src/stm32f0xx_hal_msp.o
 .debug_frame   0x0000000000000264       0xd4 Core/Src/stm32f0xx_it.o
 .debug_frame   0x0000000000000338       0x4c Core/Src/system_stm32f0xx.o
 .debug_frame   0x0000000000000384      0x2a4 Drivers/STM32F0xx_HAL_Driver/Src/stm32f0xx_hal.o
 .debug_frame   0x0000000000000628      0x490 Drivers/STM32F0xx_HAL_Driver/Src/stm32f0xx_hal_can.o
 .debug_frame   0x0000000000000ab8      0x2a0 Drivers/STM32F0xx_HAL_Driver/Src/stm32f0xx_hal_cortex.o
 .debug_frame   0x0000000000000d58      0x110 Drivers/STM32F0xx_HAL_Driver/Src/stm32f0xx_hal_gpio.o
 .debug_frame   0x0000000000000e68      0x434 Drivers/STM32F0xx_HAL_Driver/Src/stm32f0xx_hal_pcd.o
 .debug_frame   0x000000000000129c      0x110 Drivers/STM32F0xx_HAL_Driver/Src/stm32f0xx_hal_pcd_ex.o
 .debug_frame   0x00000000000013ac      0x198 Drivers/STM32F0xx_HAL_Driver/Src/stm32f0xx_hal_rcc.o
 .debug_frame   0x0000000000001544      0x180 Drivers/STM32F0xx_HAL_Driver/Src/stm32f0xx_hal_rcc_ex.o
 .debug_frame   0x00000000000016c4      0x3e0 Drivers/STM32F0xx_HAL_Driver/Src/stm32f0xx_ll_usb.o
 .debug_frame   0x0000000000001aa4      0x190 Middlewares/ST/STM32_USB_Device_Library/Class/CustomHID/Src/usbd_customhid.o
 .debug_frame   0x0000000000001c34      0x290 Middlewares/ST/STM32_USB_Device_Library/Core/Src/usbd_core.o
 .debug_frame   0x0000000000001ec4      0x1d4 Middlewares/ST/STM32_USB_Device_Library/Core/Src/usbd_ctlreq.o
 .debug_frame   0x0000000000002098       0xf0 Middlewares/ST/STM32_USB_Device_Library/Core/Src/usbd_ioreq.o
 .debug_frame   0x0000000000002188       0x2c USB_DEVICE/App/usb_device.o
 .debug_frame   0x00000000000021b4       0x68 USB_DEVICE/App/usbd_custom_hid_if.o
 .debug_frame   0x000000000000221c      0x130 USB_DEVICE/App/usbd_desc.o
 .debug_frame   0x000000000000234c      0x438 USB_DEVICE/Target/usbd_conf.o
 .debug_frame   0x0000000000002784       0x2c c:/st/stm32cubeide_1.1.0/stm32cubeide/plugins/com.st.stm32cube.ide.mcu.externaltools.gnu-tools-for-stm32.7-2018-q2-update.win32_1.0.0.201904181610/tools/bin/../lib/gcc/arm-none-eabi/7.3.1/../../../../arm-none-eabi/lib/thumb/v6-m\libc_nano.a(lib_a-init.o)
 .debug_frame   0x00000000000027b0       0x28 c:/st/stm32cubeide_1.1.0/stm32cubeide/plugins/com.st.stm32cube.ide.mcu.externaltools.gnu-tools-for-stm32.7-2018-q2-update.win32_1.0.0.201904181610/tools/bin/../lib/gcc/arm-none-eabi/7.3.1/../../../../arm-none-eabi/lib/thumb/v6-m\libc_nano.a(lib_a-memcpy-stub.o)
 .debug_frame   0x00000000000027d8       0x20 c:/st/stm32cubeide_1.1.0/stm32cubeide/plugins/com.st.stm32cube.ide.mcu.externaltools.gnu-tools-for-stm32.7-2018-q2-update.win32_1.0.0.201904181610/tools/bin/../lib/gcc/arm-none-eabi/7.3.1/../../../../arm-none-eabi/lib/thumb/v6-m\libc_nano.a(lib_a-memset.o)
 .debug_frame   0x00000000000027f8       0x20 c:/st/stm32cubeide_1.1.0/stm32cubeide/plugins/com.st.stm32cube.ide.mcu.externaltools.gnu-tools-for-stm32.7-2018-q2-update.win32_1.0.0.201904181610/tools/bin/../lib/gcc/arm-none-eabi/7.3.1/thumb/v6-m\libgcc.a(_udivsi3.o)
